<html>
<body>
<pre>
<h1>µVision Build Log</h1>
<h2>Project:</h2>
N:\lab3\starter\RTX_App\RTX_App.uvproj
Project File Date:  10/29/2014

<h2>Output:</h2>
  
*** Note: 'Create Batch File' is active - using 'Rebuild'.
Rebuild Project 'RTX_Lib_CM' - Target 'CM3_LE'
compiling rt_Task.c...
compiling rt_System.c...
compiling rt_Event.c...
compiling rt_List.c...
compiling rt_Mailbox.c...
compiling rt_Semaphore.c...
compiling rt_Time.c...
compiling rt_Timer.c...
compiling rt_Mutex.c...
compiling rt_Robin.c...
compiling rt_MemBox.c...
compiling rt_Task_ext.c...
compiling rt_MemBox_ext.c...
N:\lab3\starter\RTX_CM3\SRC\CM\rt_MemBox_ext.c(19): warning:  #14-D: extra text after expected end of preprocessing directive
N:\lab3\starter\RTX_CM3\SRC\CM\rt_MemBox_ext.h(17): warning:  #47-D: incompatible redefinition of macro "WAIT_MEM" (declared at line 12 of "SRC\CM\rt_task_ext.h")
N:\lab3\starter\RTX_CM3\SRC\CM\rt_MemBox_ext.c(65): warning:  #223-D: function "rt_put_prio" declared implicitly
N:\lab3\starter\RTX_CM3\SRC\CM\rt_MemBox_ext.c(83): warning:  #940-D: missing return statement at end of non-void function "rt_alloc_box_s"
N:\lab3\starter\RTX_CM3\SRC\CM\rt_MemBox_ext.c(112): warning:  #223-D: function "rt_get_first" declared implicitly
assembling SVC_Table.s...
compiling HAL_CM3.c...
creating Library...
User command #1: cmd.exe /C copy ArInp.Scr CM3_LE\BuildLib.scr
        1 file(s) copied.
".\CM3_LE\RTX_CM3.lib" - 0 Error(s), 5 Warning(s).
  
Build Project 'RTX_App' - Target 'Lab3 Starter SIM'
assembling startup_LPC17xx.s...
compiling RTX_Conf_CM.c...
compiling Retarget.c...
compiling system_LPC17xx.c...
compiling uart_polling.c...
compiling lab3_main.c...
N:\lab3\starter\RTX_App\src\lab3_main.c(164): warning:  #550-D: variable "a" was set but never used
linking...
Program Size: Code=8900 RO-data=276 RW-data=292 ZI-data=8172  
".\build\FLASH\RTX_APP.axf" - 0 Error(s), 1 Warning(s).
