ARM Linker, 5.02 [Build 28] [MDK-ARM Lite]

==============================================================================

Section Cross References

    startup_lpc17xx.o(STACK) refers (Special) to heapauxi.o(.text) for __use_two_region_memory
    startup_lpc17xx.o(HEAP) refers (Special) to heapauxi.o(.text) for __use_two_region_memory
    startup_lpc17xx.o(RESET) refers (Special) to heapauxi.o(.text) for __use_two_region_memory
    startup_lpc17xx.o(RESET) refers to startup_lpc17xx.o(STACK) for __initial_sp
    startup_lpc17xx.o(RESET) refers to startup_lpc17xx.o(.text) for Reset_Handler
    startup_lpc17xx.o(RESET) refers to hal_cm3.o(.emb_text) for SVC_Handler
    startup_lpc17xx.o(.ARM.__at_0x02FC) refers (Special) to heapauxi.o(.text) for __use_two_region_memory
    startup_lpc17xx.o(.text) refers (Special) to heapauxi.o(.text) for __use_two_region_memory
    startup_lpc17xx.o(.text) refers to __main.o(!!!main) for __main
    startup_lpc17xx.o(.text) refers to startup_lpc17xx.o(HEAP) for Heap_Mem
    startup_lpc17xx.o(.text) refers to startup_lpc17xx.o(STACK) for Stack_Mem
    rtx_conf_cm.o(.text) refers to rt_task.o(i.rt_tsk_self) for rt_tsk_self
    rtx_conf_cm.o(.text) refers to rt_mutex.o(i.rt_mut_init) for rt_mut_init
    rtx_conf_cm.o(.text) refers to rtx_conf_cm.o(.bss) for .bss
    rtx_conf_cm.o(.text) refers to libspace.o(.bss) for __libspace_start
    rtx_conf_cm.o(.text) refers to rtx_conf_cm.o(.data) for .data
    rtx_conf_cm.o(.text) refers to rt_mutex.o(i.rt_mut_wait) for rt_mut_wait
    rtx_conf_cm.o(.text) refers to rt_mutex.o(i.rt_mut_release) for rt_mut_release
    retarget.o(.text) refers (Special) to use_no_semi.o(.text) for __use_no_semihosting_swi
    retarget.o(.text) refers to uart_polling.o(.text) for uart_put_char
    retarget.o(.data) refers (Special) to use_no_semi.o(.text) for __use_no_semihosting_swi
    system_lpc17xx.o(.text) refers to system_lpc17xx.o(.data) for SystemFrequency
    lab3_main.o(.text) refers to _printf_percent.o(.ARM.Collect$$_printf_percent$$00000000) for _printf_percent
    lab3_main.o(.text) refers to _printf_d.o(.ARM.Collect$$_printf_percent$$00000009) for _printf_d
    lab3_main.o(.text) refers to _printf_s.o(.ARM.Collect$$_printf_percent$$00000014) for _printf_s
    lab3_main.o(.text) refers to _printf_dec.o(.text) for _printf_int_dec
    lab3_main.o(.text) refers to _printf_str.o(.text) for _printf_str
    lab3_main.o(.text) refers to noretval__2printf.o(.text) for __2printf
    lab3_main.o(.text) refers to strcpy.o(.text) for strcpy
    lab3_main.o(.text) refers to rt_membox.o(i._init_box) for _init_box
    lab3_main.o(.text) refers to lab3_main.o(.bss) for mympool
    lab3_main.o(.text) refers to rt_membox_ext.o(i.rt_alloc_box_s) for rt_alloc_box_s
    lab3_main.o(.text) refers to lab3_main.o(.data) for temp1
    lab3_main.o(.text) refers to rt_time.o(i.rt_dly_wait) for rt_dly_wait
    lab3_main.o(.text) refers to rt_task.o(i.rt_tsk_delete) for rt_tsk_delete
    lab3_main.o(.text) refers to rt_membox_ext.o(i.rt_free_box_s) for rt_free_box_s
    lab3_main.o(.text) refers to rt_mutex.o(i.rt_mut_wait) for rt_mut_wait
    lab3_main.o(.text) refers to rt_mutex.o(i.rt_mut_release) for rt_mut_release
    lab3_main.o(.text) refers to rt_task_ext.o(i.rt_tsk_get) for rt_tsk_get
    lab3_main.o(.text) refers to rt_mutex.o(i.rt_mut_init) for rt_mut_init
    lab3_main.o(.text) refers to rt_task.o(i.rt_tsk_self) for rt_tsk_self
    lab3_main.o(.text) refers to rt_task.o(i.rt_tsk_create) for rt_tsk_create
    lab3_main.o(.text) refers to system_lpc17xx.o(.text) for SystemInit
    lab3_main.o(.text) refers to uart_polling.o(.text) for uart_init
    lab3_main.o(.text) refers to hal_cm3.o(.emb_text) for os_set_env
    lab3_main.o(.text) refers to rtx_conf_cm.o(.text) for os_idle_demon
    lab3_main.o(.text) refers to rt_task.o(i.rt_sys_init) for rt_sys_init
    lab3_main.o(.data) refers to lab3_main.o(.text) for task1
    rt_task.o(i.rt_block) refers to rt_list.o(i.rt_put_dly) for rt_put_dly
    rt_task.o(i.rt_block) refers to rt_list.o(i.rt_get_first) for rt_get_first
    rt_task.o(i.rt_block) refers to rt_task.o(i.rt_switch_req) for rt_switch_req
    rt_task.o(i.rt_block) refers to rt_task.o(.data) for os_tsk
    rt_task.o(i.rt_block) refers to rt_list.o(.bss) for os_rdy
    rt_task.o(i.rt_dispatch) refers to rt_list.o(i.rt_get_first) for rt_get_first
    rt_task.o(i.rt_dispatch) refers to rt_task.o(i.rt_switch_req) for rt_switch_req
    rt_task.o(i.rt_dispatch) refers to rt_list.o(i.rt_put_rdy_first) for rt_put_rdy_first
    rt_task.o(i.rt_dispatch) refers to rt_list.o(i.rt_put_prio) for rt_put_prio
    rt_task.o(i.rt_dispatch) refers to rt_list.o(.bss) for os_rdy
    rt_task.o(i.rt_dispatch) refers to rt_task.o(.data) for os_tsk
    rt_task.o(i.rt_get_TID) refers to rtx_conf_cm.o(.bss) for os_active_TCB
    rt_task.o(i.rt_get_TID) refers to rtx_conf_cm.o(.constdata) for os_maxtaskrun
[...]
    __printf_flags_ss.o(.text) refers to __printf_flags_ss.o(.constdata) for .constdata
    __printf_wp.o(.text) refers to __printf_wp.o(i._is_digit) for _is_digit
    __printf_wp.o(.text) refers to _printf_percent.o(.ARM.Collect$$_printf_percent$$00000000) for _printf_percent
    __printf_flags_wp.o(.text) refers to __printf_wp.o(i._is_digit) for _is_digit
    __printf_flags_wp.o(.text) refers to _printf_percent.o(.ARM.Collect$$_printf_percent$$00000000) for _printf_percent
    __printf_flags_wp.o(.text) refers to __printf_flags_wp.o(.constdata) for .constdata
    __printf_ss_wp.o(.text) refers to __printf_wp.o(i._is_digit) for _is_digit
    __printf_ss_wp.o(.text) refers to _printf_percent.o(.ARM.Collect$$_printf_percent$$00000000) for _printf_percent
    __printf_flags_ss_wp.o(.text) refers to __printf_wp.o(i._is_digit) for _is_digit
    __printf_flags_ss_wp.o(.text) refers to _printf_percent.o(.ARM.Collect$$_printf_percent$$00000000) for _printf_percent
    __printf_flags_ss_wp.o(.text) refers to __printf_flags_ss_wp.o(.constdata) for .constdata
    _printf_s.o(.ARM.Collect$$_printf_percent$$00000014) refers (Weak) to _printf_char.o(.text) for _printf_string
    _printf_d.o(.ARM.Collect$$_printf_percent$$00000009) refers (Weak) to _printf_dec.o(.text) for _printf_int_dec
    _printf_percent.o(.ARM.Collect$$_printf_percent$$00000000) refers (Special) to _printf_percent_end.o(.ARM.Collect$$_printf_percent$$00000017) for _printf_percent_end
    __main.o(!!!main) refers to rtentry.o(.ARM.Collect$$rtentry$$00000000) for __rt_entry
    fdiv.o(x$fpl$frdiv) refers (Special) to usenofp.o(x$fpl$usenofp) for __I$use$fp
    fdiv.o(x$fpl$frdiv) refers to fdiv.o(x$fpl$fdiv) for _fdiv1
    fdiv.o(x$fpl$fdiv) refers (Special) to usenofp.o(x$fpl$usenofp) for __I$use$fp
    fdiv.o(x$fpl$fdiv) refers to fretinf.o(x$fpl$fretinf) for __fpl_fretinf
    fdiv.o(x$fpl$fdiv) refers to fnaninf.o(x$fpl$fnaninf) for __fpl_fnaninf
    ffixu.o(x$fpl$ffixu) refers (Special) to usenofp.o(x$fpl$usenofp) for __I$use$fp
    ffixu.o(x$fpl$ffixu) refers to fnaninf.o(x$fpl$fnaninf) for __fpl_fnaninf
    ffixu.o(x$fpl$ffixur) refers (Special) to usenofp.o(x$fpl$usenofp) for __I$use$fp
    ffixu.o(x$fpl$ffixur) refers to fnaninf.o(x$fpl$fnaninf) for __fpl_fnaninf
    fflt_clz.o(x$fpl$ffltu) refers (Special) to usenofp.o(x$fpl$usenofp) for __I$use$fp
    fflt_clz.o(x$fpl$fflt) refers (Special) to usenofp.o(x$fpl$usenofp) for __I$use$fp
    fflt_clz.o(x$fpl$ffltn) refers (Special) to usenofp.o(x$fpl$usenofp) for __I$use$fp
    fmul.o(x$fpl$fmul) refers (Special) to usenofp.o(x$fpl$usenofp) for __I$use$fp
    fmul.o(x$fpl$fmul) refers to fretinf.o(x$fpl$fretinf) for __fpl_fretinf
    fmul.o(x$fpl$fmul) refers to fnaninf.o(x$fpl$fnaninf) for __fpl_fnaninf
    rtentry.o(.ARM.Collect$$rtentry$$00000000) refers (Special) to rtentry2.o(.ARM.Collect$$rtentry$$0000000A) for __rt_entry_li
    rtentry.o(.ARM.Collect$$rtentry$$00000000) refers (Special) to rtentry2.o(.ARM.Collect$$rtentry$$0000000D) for __rt_entry_main
    rtentry.o(.ARM.Collect$$rtentry$$00000000) refers (Special) to rtentry2.o(.ARM.Collect$$rtentry$$0000000C) for __rt_entry_postli_1
    rtentry.o(.ARM.Collect$$rtentry$$00000000) refers (Special) to rtentry2.o(.ARM.Collect$$rtentry$$00000009) for __rt_entry_postsh_1
    rtentry.o(.ARM.Collect$$rtentry$$00000000) refers (Special) to rtentry2.o(.ARM.Collect$$rtentry$$00000002) for __rt_entry_presh_1
    rtentry.o(.ARM.Collect$$rtentry$$00000000) refers (Special) to rtentry4.o(.ARM.Collect$$rtentry$$00000004) for __rt_entry_sh
    _printf_char.o(.text) refers (Weak) to _printf_str.o(.text) for _printf_str
    _printf_char_file.o(.text) refers to _printf_char_common.o(.text) for _printf_char_common
    _printf_char_file.o(.text) refers to retarget.o(.text) for ferror
    fnaninf.o(x$fpl$fnaninf) refers (Special) to usenofp.o(x$fpl$usenofp) for __I$use$fp
    fretinf.o(x$fpl$fretinf) refers (Special) to usenofp.o(x$fpl$usenofp) for __I$use$fp
    rtentry2.o(.ARM.Collect$$rtentry$$00000008) refers to boardinit2.o(.text) for _platform_post_stackheap_init
    rtentry2.o(.ARM.Collect$$rtentry$$0000000A) refers to libinit.o(.ARM.Collect$$libinit$$00000000) for __rt_lib_init
    rtentry2.o(.ARM.Collect$$rtentry$$0000000B) refers to boardinit3.o(.text) for _platform_post_lib_init
    rtentry2.o(.ARM.Collect$$rtentry$$0000000D) refers to lab3_main.o(.text) for main
    rtentry2.o(.ARM.Collect$$rtentry$$0000000D) refers to exit.o(.text) for exit
    rtentry2.o(.ARM.exidx) refers to rtentry2.o(.ARM.Collect$$rtentry$$00000001) for .ARM.Collect$$rtentry$$00000001
    rtentry2.o(.ARM.exidx) refers to rtentry2.o(.ARM.Collect$$rtentry$$00000008) for .ARM.Collect$$rtentry$$00000008
    rtentry2.o(.ARM.exidx) refers to rtentry2.o(.ARM.Collect$$rtentry$$0000000A) for .ARM.Collect$$rtentry$$0000000A
    rtentry2.o(.ARM.exidx) refers to rtentry2.o(.ARM.Collect$$rtentry$$0000000B) for .ARM.Collect$$rtentry$$0000000B
    rtentry2.o(.ARM.exidx) refers to rtentry2.o(.ARM.Collect$$rtentry$$0000000D) for .ARM.Collect$$rtentry$$0000000D
    rtentry4.o(.ARM.Collect$$rtentry$$00000004) refers to sys_stackheap_outer.o(.text) for __user_setup_stackheap
    rtentry4.o(.ARM.exidx) refers to rtentry4.o(.ARM.Collect$$rtentry$$00000004) for .ARM.Collect$$rtentry$$00000004
    _printf_char_common.o(.text) refers to __printf.o(.text) for __printf
    sys_stackheap_outer.o(.text) refers to libspace.o(.text) for __user_perproc_libspace
    sys_stackheap_outer.o(.text) refers to startup_lpc17xx.o(.text) for __user_initial_stackheap
    exit.o(.text) refers to rtexit.o(.ARM.Collect$$rtexit$$00000000) for __rt_exit
    libinit.o(.ARM.Collect$$libinit$$00000000) refers (Special) to libinit2.o(.ARM.Collect$$libinit$$0000002C) for __rt_lib_init_alloca_1
    libinit.o(.ARM.Collect$$libinit$$00000000) refers (Special) to libinit2.o(.ARM.Collect$$libinit$$0000002A) for __rt_lib_init_argv_1
    libinit.o(.ARM.Collect$$libinit$$00000000) refers (Special) to libinit2.o(.ARM.Collect$$libinit$$00000019) for __rt_lib_init_atexit_1
    libinit.o(.ARM.Collect$$libinit$$00000000) refers (Special) to libinit2.o(.ARM.Collect$$libinit$$0000001F) for __rt_lib_init_clock_1
    libinit.o(.ARM.Collect$$libinit$$00000000) refers (Special) to libinit2.o(.ARM.Collect$$libinit$$00000030) for __rt_lib_init_cpp_1
    libinit.o(.ARM.Collect$$libinit$$00000000) refers (Special) to libinit2.o(.ARM.Collect$$libinit$$0000002E) for __rt_lib_init_exceptions_1
    libinit.o(.ARM.Collect$$libinit$$00000000) refers (Special) to libinit2.o(.ARM.Collect$$libinit$$00000002) for __rt_lib_init_fp_1
    libinit.o(.ARM.Collect$$libinit$$00000000) refers (Special) to libinit2.o(.ARM.Collect$$libinit$$0000001D) for __rt_lib_init_fp_trap_1
    libinit.o(.ARM.Collect$$libinit$$00000000) refers (Special) to libinit2.o(.ARM.Collect$$libinit$$00000021) for __rt_lib_init_getenv_1
    libinit.o(.ARM.Collect$$libinit$$00000000) refers (Special) to libinit2.o(.ARM.Collect$$libinit$$00000008) for __rt_lib_init_heap_1
    libinit.o(.ARM.Collect$$libinit$$00000000) refers (Special) to libinit2.o(.ARM.Collect$$libinit$$0000000F) for __rt_lib_init_lc_collate_1
    libinit.o(.ARM.Collect$$libinit$$00000000) refers (Special) to libinit2.o(.ARM.Collect$$libinit$$00000011) for __rt_lib_init_lc_ctype_1
    libinit.o(.ARM.Collect$$libinit$$00000000) refers (Special) to libinit2.o(.ARM.Collect$$libinit$$00000013) for __rt_lib_init_lc_monetary_1
    libinit.o(.ARM.Collect$$libinit$$00000000) refers (Special) to libinit2.o(.ARM.Collect$$libinit$$00000015) for __rt_lib_init_lc_numeric_1
    libinit.o(.ARM.Collect$$libinit$$00000000) refers (Special) to libinit2.o(.ARM.Collect$$libinit$$00000017) for __rt_lib_init_lc_time_1
    libinit.o(.ARM.Collect$$libinit$$00000000) refers (Special) to libinit2.o(.ARM.Collect$$libinit$$0000000C) for __rt_lib_init_rand_1
    libinit.o(.ARM.Collect$$libinit$$00000000) refers (Special) to libinit2.o(.ARM.Collect$$libinit$$00000031) for __rt_lib_init_return
    libinit.o(.ARM.Collect$$libinit$$00000000) refers (Special) to libinit2.o(.ARM.Collect$$libinit$$0000001B) for __rt_lib_init_signal_1
    libinit.o(.ARM.Collect$$libinit$$00000000) refers (Special) to libinit2.o(.ARM.Collect$$libinit$$00000023) for __rt_lib_init_stdio_1
    libinit.o(.ARM.Collect$$libinit$$00000000) refers (Special) to libinit2.o(.ARM.Collect$$libinit$$0000000A) for __rt_lib_init_user_alloc_1
    rtexit.o(.ARM.Collect$$rtexit$$00000000) refers (Special) to rtexit2.o(.ARM.Collect$$rtexit$$00000004) for __rt_exit_exit
    rtexit.o(.ARM.Collect$$rtexit$$00000000) refers (Special) to rtexit2.o(.ARM.Collect$$rtexit$$00000003) for __rt_exit_ls
    rtexit.o(.ARM.Collect$$rtexit$$00000000) refers (Special) to rtexit2.o(.ARM.Collect$$rtexit$$00000002) for __rt_exit_prels_1
    rtexit.o(.ARM.exidx) refers (Special) to rtexit2.o(.ARM.Collect$$rtexit$$00000004) for __rt_exit_exit
    rtexit.o(.ARM.exidx) refers (Special) to rtexit2.o(.ARM.Collect$$rtexit$$00000003) for __rt_exit_ls
    rtexit.o(.ARM.exidx) refers (Special) to rtexit2.o(.ARM.Collect$$rtexit$$00000002) for __rt_exit_prels_1
    rtexit.o(.ARM.exidx) refers to rtexit.o(.ARM.Collect$$rtexit$$00000000) for .ARM.Collect$$rtexit$$00000000
    libinit2.o(.ARM.Collect$$libinit$$0000000E) refers to libinit2.o(.ARM.Collect$$libinit$$0000000D) for .ARM.Collect$$libinit$$0000000D
    libinit2.o(.ARM.Collect$$libinit$$00000010) refers to libinit2.o(.ARM.Collect$$libinit$$0000000D) for .ARM.Collect$$libinit$$0000000D
    libinit2.o(.ARM.Collect$$libinit$$00000012) refers to libinit2.o(.ARM.Collect$$libinit$$0000000D) for .ARM.Collect$$libinit$$0000000D
    libinit2.o(.ARM.Collect$$libinit$$00000014) refers to libinit2.o(.ARM.Collect$$libinit$$0000000D) for .ARM.Collect$$libinit$$0000000D
    libinit2.o(.ARM.Collect$$libinit$$00000016) refers to libinit2.o(.ARM.Collect$$libinit$$0000000D) for .ARM.Collect$$libinit$$0000000D
    libinit2.o(.ARM.Collect$$libinit$$00000024) refers to argv_veneer.o(.emb_text) for __ARM_argv_veneer
    libinit2.o(.ARM.Collect$$libinit$$00000025) refers to argv_veneer.o(.emb_text) for __ARM_argv_veneer
    rtexit2.o(.ARM.Collect$$rtexit$$00000003) refers to libshutdown.o(.ARM.Collect$$libshutdown$$00000000) for __rt_lib_shutdown
    rtexit2.o(.ARM.Collect$$rtexit$$00000004) refers to retarget.o(.text) for _sys_exit
    rtexit2.o(.ARM.exidx) refers to rtexit2.o(.ARM.Collect$$rtexit$$00000001) for .ARM.Collect$$rtexit$$00000001
    rtexit2.o(.ARM.exidx) refers to rtexit2.o(.ARM.Collect$$rtexit$$00000003) for .ARM.Collect$$rtexit$$00000003
    rtexit2.o(.ARM.exidx) refers to rtexit2.o(.ARM.Collect$$rtexit$$00000004) for .ARM.Collect$$rtexit$$00000004
    argv_veneer.o(.emb_text) refers to no_argv.o(.text) for __ARM_get_argv
    _get_argv_nomalloc.o(.text) refers (Special) to hrguard.o(.text) for __heap_region$guard
    _get_argv_nomalloc.o(.text) refers to defsig_rtmem_outer.o(.text) for __rt_SIGRTMEM
    _get_argv_nomalloc.o(.text) refers to sys_command.o(.text) for _sys_command_string
    libshutdown.o(.ARM.Collect$$libshutdown$$00000000) refers (Special) to libshutdown2.o(.ARM.Collect$$libshutdown$$00000006) for __rt_lib_shutdown_fp_trap_1
    libshutdown.o(.ARM.Collect$$libshutdown$$00000000) refers (Special) to libshutdown2.o(.ARM.Collect$$libshutdown$$0000000E) for __rt_lib_shutdown_heap_1
    libshutdown.o(.ARM.Collect$$libshutdown$$00000000) refers (Special) to libshutdown2.o(.ARM.Collect$$libshutdown$$0000000F) for __rt_lib_shutdown_return
    libshutdown.o(.ARM.Collect$$libshutdown$$00000000) refers (Special) to libshutdown2.o(.ARM.Collect$$libshutdown$$00000009) for __rt_lib_shutdown_signal_1
    libshutdown.o(.ARM.Collect$$libshutdown$$00000000) refers (Special) to libshutdown2.o(.ARM.Collect$$libshutdown$$00000003) for __rt_lib_shutdown_stdio_1
    libshutdown.o(.ARM.Collect$$libshutdown$$00000000) refers (Special) to libshutdown2.o(.ARM.Collect$$libshutdown$$0000000B) for __rt_lib_shutdown_user_alloc_1
    sys_command.o(.text) refers (Special) to use_no_semi.o(.text) for __I$use$semihosting
    sys_command.o(.text) refers (Special) to indicate_semi.o(.text) for __semihosting_library_function
    defsig_rtmem_outer.o(.text) refers to defsig_rtmem_inner.o(.text) for __rt_SIGRTMEM_inner
    defsig_rtmem_outer.o(.text) refers to defsig_exit.o(.text) for __sig_exit
    defsig_rtmem_formal.o(.text) refers to rt_raise.o(.text) for __rt_raise
    rt_raise.o(.text) refers to __raise.o(.text) for __raise
    rt_raise.o(.text) refers to retarget.o(.text) for _sys_exit
    defsig_exit.o(.text) refers to retarget.o(.text) for _sys_exit
    defsig_rtmem_inner.o(.text) refers to defsig_general.o(.text) for __default_signal_display
    __raise.o(.text) refers to defsig.o(CL$$defsig) for __default_signal_handler
    defsig_general.o(.text) refers to retarget.o(.text) for _ttywrch
    defsig.o(CL$$defsig) refers to defsig_rtmem_inner.o(.text) for __rt_SIGRTMEM_inner
    defsig_abrt_inner.o(.text) refers to defsig_general.o(.text) for __default_signal_display
    defsig_fpe_inner.o(.text) refers to defsig_general.o(.text) for __default_signal_display
    defsig_rtred_inner.o(.text) refers to defsig_general.o(.text) for __default_signal_display
    defsig_stak_inner.o(.text) refers to defsig_general.o(.text) for __default_signal_display
    defsig_pvfn_inner.o(.text) refers to defsig_general.o(.text) for __default_signal_display
    defsig_cppl_inner.o(.text) refers to defsig_general.o(.text) for __default_signal_display
    defsig_segv_inner.o(.text) refers to defsig_general.o(.text) for __default_signal_display
    defsig_other.o(.text) refers to defsig_general.o(.text) for __default_signal_display


==============================================================================

Removing Unused input sections from the image.

    Removing system_lpc17xx.o(.rev16_text), (4 bytes).
    Removing system_lpc17xx.o(.revsh_text), (4 bytes).
    Removing uart_polling.o(.rev16_text), (4 bytes).
    Removing uart_polling.o(.revsh_text), (4 bytes).
    Removing lab3_main.o(.rev16_text), (4 bytes).
    Removing lab3_main.o(.revsh_text), (4 bytes).
    Removing rt_task.o(i.rt_tsk_pass), (44 bytes).
    Removing rt_task.o(i.rt_tsk_prio), (156 bytes).
    Removing rt_time.o(i.rt_itv_set), (28 bytes).
    Removing rt_time.o(i.rt_itv_wait), (60 bytes).
    Removing rt_time.o(i.rt_time_get), (12 bytes).
    Removing rt_membox.o(i._calloc_box), (40 bytes).
    Removing rt_task_ext.o(i.rt_tsk_count_get), (52 bytes).
    Removing rt_system.o(.emb_text), (0 bytes).
    Removing rt_system.o(i.rt_psh_req), (36 bytes).
    Removing rt_system.o(i.rt_resume), (236 bytes).
    Removing rt_system.o(i.rt_suspend), (52 bytes).
    Removing rt_system.o(i.rt_tsk_lock), (116 bytes).
    Removing rt_system.o(i.rt_tsk_unlock), (128 bytes).
    Removing rt_list.o(i.rt_get_same_rdy_prio), (44 bytes).
    Removing rt_list.o(i.rt_psq_enq), (116 bytes).
    Removing rt_event.o(i.isr_evt_set), (40 bytes).
    Removing rt_event.o(i.rt_evt_clr), (32 bytes).
    Removing rt_event.o(i.rt_evt_get), (12 bytes).
    Removing rt_event.o(i.rt_evt_set), (104 bytes).
    Removing rt_event.o(i.rt_evt_wait), (116 bytes).
    Removing rt_mailbox.o(i.isr_mbx_receive), (96 bytes).
    Removing rt_mailbox.o(i.isr_mbx_send), (22 bytes).
    Removing rt_mailbox.o(i.rt_mbx_check), (12 bytes).
    Removing rt_mailbox.o(i.rt_mbx_init), (32 bytes).
    Removing rt_mailbox.o(i.rt_mbx_send), (196 bytes).
    Removing rt_mailbox.o(i.rt_mbx_wait), (216 bytes).
    Removing rt_semaphore.o(i.isr_sem_send), (20 bytes).
    Removing rt_semaphore.o(i.rt_sem_init), (16 bytes).
    Removing rt_semaphore.o(i.rt_sem_send), (60 bytes).
    Removing rt_semaphore.o(i.rt_sem_wait), (80 bytes).
    Removing rt_timer.o(i.rt_tmr_create), (100 bytes).
    Removing rt_timer.o(i.rt_tmr_kill), (60 bytes).

38 unused section(s) (total 2358 bytes) removed from the image.

==============================================================================

Image Symbol Table

    Local Symbols

    Symbol Name                              Value     Ov Type        Size  Object(Section)

    RESET                                    0x00000000   Section      204  startup_lpc17xx.o(RESET)
    ../clib/angel/boardlib.s                 0x00000000   Number         0  boardinit1.o ABSOLUTE
    ../clib/angel/boardlib.s                 0x00000000   Number         0  boardinit2.o ABSOLUTE
    ../clib/angel/boardlib.s                 0x00000000   Number         0  boardinit3.o ABSOLUTE
    ../clib/angel/boardlib.s                 0x00000000   Number         0  boardshut.o ABSOLUTE
    ../clib/angel/handlers.s                 0x00000000   Number         0  __scatter_zi.o ABSOLUTE
    ../clib/angel/handlers.s                 0x00000000   Number         0  __scatter_copy.o ABSOLUTE
    ../clib/angel/kernel.s                   0x00000000   Number         0  rtentry.o ABSOLUTE
    ../clib/angel/kernel.s                   0x00000000   Number         0  rtentry2.o ABSOLUTE
    ../clib/angel/kernel.s                   0x00000000   Number         0  rtentry4.o ABSOLUTE
    ../clib/angel/kernel.s                   0x00000000   Number         0  rtexit.o ABSOLUTE
    ../clib/angel/kernel.s                   0x00000000   Number         0  rtexit2.o ABSOLUTE
    ../clib/angel/rt.s                       0x00000000   Number         0  rt_raise.o ABSOLUTE
    ../clib/angel/scatter.s                  0x00000000   Number         0  __scatter.o ABSOLUTE
    ../clib/angel/startup.s                  0x00000000   Number         0  __main.o ABSOLUTE
    ../clib/angel/sys.s                      0x00000000   Number         0  libspace.o ABSOLUTE
    ../clib/angel/sys.s                      0x00000000   Number         0  indicate_semi.o ABSOLUTE
    ../clib/angel/sys.s                      0x00000000   Number         0  use_no_semi.o ABSOLUTE
    ../clib/angel/sys.s                      0x00000000   Number         0  sys_stackheap_outer.o ABSOLUTE
    ../clib/angel/sysapp.c                   0x00000000   Number         0  sys_command.o ABSOLUTE
    ../clib/armsys.c                         0x00000000   Number         0  no_argv.o ABSOLUTE
    ../clib/armsys.c                         0x00000000   Number         0  _get_argv_nomalloc.o ABSOLUTE
    ../clib/armsys.c                         0x00000000   Number         0  argv_veneer.o ABSOLUTE
    ../clib/armsys.c                         0x00000000   Number         0  argv_veneer.o ABSOLUTE
    ../clib/heapalloc.c                      0x00000000   Number         0  hrguard.o ABSOLUTE
    ../clib/heapaux.c                        0x00000000   Number         0  heapauxi.o ABSOLUTE
    ../clib/libinit.s                        0x00000000   Number         0  libshutdown.o ABSOLUTE
    ../clib/libinit.s                        0x00000000   Number         0  libshutdown2.o ABSOLUTE
    ../clib/libinit.s                        0x00000000   Number         0  libinit.o ABSOLUTE
    ../clib/libinit.s                        0x00000000   Number         0  libinit2.o ABSOLUTE
    ../clib/printf.c                         0x00000000   Number         0  __printf_flags_ss.o ABSOLUTE
    ../clib/printf.c                         0x00000000   Number         0  __printf_nopercent.o ABSOLUTE
    ../clib/printf.c                         0x00000000   Number         0  noretval__2printf.o ABSOLUTE
    ../clib/printf.c                         0x00000000   Number         0  __printf.o ABSOLUTE
    ../clib/printf.c                         0x00000000   Number         0  __printf_flags_ss_wp.o ABSOLUTE
    ../clib/printf.c                         0x00000000   Number         0  _printf_str.o ABSOLUTE
    ../clib/printf.c                         0x00000000   Number         0  __printf_ss_wp.o ABSOLUTE
    ../clib/printf.c                         0x00000000   Number         0  _printf_char.o ABSOLUTE
    ../clib/printf.c                         0x00000000   Number         0  _printf_dec.o ABSOLUTE
    ../clib/printf.c                         0x00000000   Number         0  __printf_flags.o ABSOLUTE
    ../clib/printf.c                         0x00000000   Number         0  _printf_char_file.o ABSOLUTE
    ../clib/printf.c                         0x00000000   Number         0  __printf_flags_wp.o ABSOLUTE
    ../clib/printf.c                         0x00000000   Number         0  __printf_wp.o ABSOLUTE
    ../clib/printf.c                         0x00000000   Number         0  _printf_intcommon.o ABSOLUTE
    ../clib/printf.c                         0x00000000   Number         0  __printf_ss.o ABSOLUTE
    ../clib/printf.c                         0x00000000   Number         0  _printf_char_common.o ABSOLUTE
    ../clib/printf.c                         0x00000000   Number         0  __2printf.o ABSOLUTE
    ../clib/printf_percent.s                 0x00000000   Number         0  _printf_d.o ABSOLUTE
    ../clib/printf_percent.s                 0x00000000   Number         0  _printf_s.o ABSOLUTE
    ../clib/printf_percent.s                 0x00000000   Number         0  _printf_percent_end.o ABSOLUTE
    ../clib/printf_percent.s                 0x00000000   Number         0  _printf_percent.o ABSOLUTE
    ../clib/signal.c                         0x00000000   Number         0  defsig_exit.o ABSOLUTE
    ../clib/signal.c                         0x00000000   Number         0  defsig_rtmem_inner.o ABSOLUTE
    ../clib/signal.c                         0x00000000   Number         0  defsig_rtmem_formal.o ABSOLUTE
    ../clib/signal.c                         0x00000000   Number         0  defsig_rtmem_outer.o ABSOLUTE
    ../clib/signal.c                         0x00000000   Number         0  __raise.o ABSOLUTE
    ../clib/signal.c                         0x00000000   Number         0  defsig_segv_inner.o ABSOLUTE
    ../clib/signal.c                         0x00000000   Number         0  defsig_general.o ABSOLUTE
    ../clib/signal.c                         0x00000000   Number         0  defsig_abrt_inner.o ABSOLUTE
    ../clib/signal.c                         0x00000000   Number         0  defsig_fpe_inner.o ABSOLUTE
    ../clib/signal.c                         0x00000000   Number         0  defsig_rtred_inner.o ABSOLUTE
    ../clib/signal.c                         0x00000000   Number         0  defsig_stak_inner.o ABSOLUTE
    ../clib/signal.c                         0x00000000   Number         0  defsig_pvfn_inner.o ABSOLUTE
    ../clib/signal.c                         0x00000000   Number         0  defsig_cppl_inner.o ABSOLUTE
    ../clib/signal.c                         0x00000000   Number         0  defsig_other.o ABSOLUTE
    ../clib/signal.s                         0x00000000   Number         0  defsig.o ABSOLUTE
    ../clib/stdlib.c                         0x00000000   Number         0  exit.o ABSOLUTE
    ../clib/string.c                         0x00000000   Number         0  strcpy.o ABSOLUTE
    ../fplib/fdiv.s                          0x00000000   Number         0  fdiv.o ABSOLUTE
    ../fplib/ffixu.s                         0x00000000   Number         0  ffixu.o ABSOLUTE
    ../fplib/fflt.s                          0x00000000   Number         0  fflt_clz.o ABSOLUTE
    ../fplib/fmul.s                          0x00000000   Number         0  fmul.o ABSOLUTE
    ../fplib/fnaninf.s                       0x00000000   Number         0  fnaninf.o ABSOLUTE
    ../fplib/fpinit.s                        0x00000000   Number         0  fpinit.o ABSOLUTE
    ../fplib/fretinf.s                       0x00000000   Number         0  fretinf.o ABSOLUTE
    ../fplib/usenofp.s                       0x00000000   Number         0  usenofp.o ABSOLUTE
    SRC\CM\HAL_CM3.c                         0x00000000   Number         0  hal_cm3.o ABSOLUTE
    SRC\CM\SVC_Table.s                       0x00000000   Number         0  SVC_Table.o ABSOLUTE
    SRC\CM\rt_Event.c                        0x00000000   Number         0  rt_event.o ABSOLUTE
    SRC\CM\rt_List.c                         0x00000000   Number         0  rt_list.o ABSOLUTE
    SRC\CM\rt_Mailbox.c                      0x00000000   Number         0  rt_mailbox.o ABSOLUTE
    SRC\CM\rt_MemBox.c                       0x00000000   Number         0  rt_membox.o ABSOLUTE
    SRC\CM\rt_MemBox_ext.c                   0x00000000   Number         0  rt_membox_ext.o ABSOLUTE
    SRC\CM\rt_Mutex.c                        0x00000000   Number         0  rt_mutex.o ABSOLUTE
    SRC\CM\rt_Robin.c                        0x00000000   Number         0  rt_robin.o ABSOLUTE
    SRC\CM\rt_Semaphore.c                    0x00000000   Number         0  rt_semaphore.o ABSOLUTE
    SRC\CM\rt_System.c                       0x00000000   Number         0  rt_system.o ABSOLUTE
    SRC\CM\rt_Task.c                         0x00000000   Number         0  rt_task.o ABSOLUTE
    SRC\CM\rt_Task_ext.c                     0x00000000   Number         0  rt_task_ext.o ABSOLUTE
    SRC\CM\rt_Time.c                         0x00000000   Number         0  rt_time.o ABSOLUTE
    SRC\CM\rt_Timer.c                        0x00000000   Number         0  rt_timer.o ABSOLUTE
    SRC\\CM\\HAL_CM3.c                       0x00000000   Number         0  hal_cm3.o ABSOLUTE
    SRC\\CM\\rt_System.c                     0x00000000   Number         0  rt_system.o ABSOLUTE
    dc.s                                     0x00000000   Number         0  dc.o ABSOLUTE
    src\RTX_Conf_CM.c                        0x00000000   Number         0  rtx_conf_cm.o ABSOLUTE
    src\Retarget.c                           0x00000000   Number         0  retarget.o ABSOLUTE
    src\\lab3_main.c                         0x00000000   Number         0  lab3_main.o ABSOLUTE
    src\\system_LPC17xx.c                    0x00000000   Number         0  system_lpc17xx.o ABSOLUTE
    src\\uart_polling.c                      0x00000000   Number         0  uart_polling.o ABSOLUTE
    src\lab3_main.c                          0x00000000   Number         0  lab3_main.o ABSOLUTE
    src\startup_LPC17xx.s                    0x00000000   Number         0  startup_lpc17xx.o ABSOLUTE
    src\system_LPC17xx.c                     0x00000000   Number         0  system_lpc17xx.o ABSOLUTE
    src\uart_polling.c                       0x00000000   Number         0  uart_polling.o ABSOLUTE
    !!!main                                  0x000000cc   Section        8  __main.o(!!!main)
    !!!scatter                               0x000000d4   Section       52  __scatter.o(!!!scatter)
    !!handler_copy                           0x00000108   Section       26  __scatter_copy.o(!!handler_copy)
    !!handler_zi                             0x00000124   Section       28  __scatter_zi.o(!!handler_zi)
    .ARM.Collect$$_printf_percent$$00000000  0x00000140   Section        0  _printf_percent.o(.ARM.Collect$$_printf_percent$$00000000)
    .ARM.Collect$$_printf_percent$$00000009  0x00000140   Section        6  _printf_d.o(.ARM.Collect$$_printf_percent$$00000009)
    .ARM.Collect$$_printf_percent$$00000014  0x00000146   Section        6  _printf_s.o(.ARM.Collect$$_printf_percent$$00000014)
    .ARM.Collect$$_printf_percent$$00000017  0x0000014c   Section        4  _printf_percent_end.o(.ARM.Collect$$_printf_percent$$00000017)
    .ARM.Collect$$libinit$$00000000          0x00000150   Section        2  libinit.o(.ARM.Collect$$libinit$$00000000)
    .ARM.Collect$$libinit$$00000002          0x00000152   Section        0  libinit2.o(.ARM.Collect$$libinit$$00000002)
    .ARM.Collect$$libinit$$00000008          0x00000152   Section        0  libinit2.o(.ARM.Collect$$libinit$$00000008)
    .ARM.Collect$$libinit$$0000000A          0x00000152   Section        0  libinit2.o(.ARM.Collect$$libinit$$0000000A)
    .ARM.Collect$$libinit$$0000000C          0x00000152   Section        0  libinit2.o(.ARM.Collect$$libinit$$0000000C)
    .ARM.Collect$$libinit$$0000000F          0x00000152   Section        0  libinit2.o(.ARM.Collect$$libinit$$0000000F)
    .ARM.Collect$$libinit$$00000011          0x00000152   Section        0  libinit2.o(.ARM.Collect$$libinit$$00000011)
    .ARM.Collect$$libinit$$00000013          0x00000152   Section        0  libinit2.o(.ARM.Collect$$libinit$$00000013)
    .ARM.Collect$$libinit$$00000015          0x00000152   Section        0  libinit2.o(.ARM.Collect$$libinit$$00000015)
    .ARM.Collect$$libinit$$00000017          0x00000152   Section        0  libinit2.o(.ARM.Collect$$libinit$$00000017)
    .ARM.Collect$$libinit$$00000019          0x00000152   Section        0  libinit2.o(.ARM.Collect$$libinit$$00000019)
    .ARM.Collect$$libinit$$0000001B          0x00000152   Section        0  libinit2.o(.ARM.Collect$$libinit$$0000001B)
    .ARM.Collect$$libinit$$0000001D          0x00000152   Section        0  libinit2.o(.ARM.Collect$$libinit$$0000001D)
    .ARM.Collect$$libinit$$0000001F          0x00000152   Section        0  libinit2.o(.ARM.Collect$$libinit$$0000001F)
    .ARM.Collect$$libinit$$00000021          0x00000152   Section        0  libinit2.o(.ARM.Collect$$libinit$$00000021)
    .ARM.Collect$$libinit$$00000023          0x00000152   Section        0  libinit2.o(.ARM.Collect$$libinit$$00000023)
    .ARM.Collect$$libinit$$0000002A          0x00000152   Section        0  libinit2.o(.ARM.Collect$$libinit$$0000002A)
    .ARM.Collect$$libinit$$0000002C          0x00000152   Section        0  libinit2.o(.ARM.Collect$$libinit$$0000002C)
    .ARM.Collect$$libinit$$0000002E          0x00000152   Section        0  libinit2.o(.ARM.Collect$$libinit$$0000002E)
    .ARM.Collect$$libinit$$00000030          0x00000152   Section        0  libinit2.o(.ARM.Collect$$libinit$$00000030)
    .ARM.Collect$$libinit$$00000031          0x00000152   Section        2  libinit2.o(.ARM.Collect$$libinit$$00000031)
    .ARM.Collect$$libshutdown$$00000000      0x00000154   Section        2  libshutdown.o(.ARM.Collect$$libshutdown$$00000000)
    .ARM.Collect$$libshutdown$$00000003      0x00000156   Section        0  libshutdown2.o(.ARM.Collect$$libshutdown$$00000003)
    .ARM.Collect$$libshutdown$$00000006      0x00000156   Section        0  libshutdown2.o(.ARM.Collect$$libshutdown$$00000006)
    .ARM.Collect$$libshutdown$$00000009      0x00000156   Section        0  libshutdown2.o(.ARM.Collect$$libshutdown$$00000009)
    .ARM.Collect$$libshutdown$$0000000B      0x00000156   Section        0  libshutdown2.o(.ARM.Collect$$libshutdown$$0000000B)
    .ARM.Collect$$libshutdown$$0000000E      0x00000156   Section        0  libshutdown2.o(.ARM.Collect$$libshutdown$$0000000E)
    .ARM.Collect$$libshutdown$$0000000F      0x00000156   Section        2  libshutdown2.o(.ARM.Collect$$libshutdown$$0000000F)
    .ARM.Collect$$rtentry$$00000000          0x00000158   Section        0  rtentry.o(.ARM.Collect$$rtentry$$00000000)
    .ARM.Collect$$rtentry$$00000002          0x00000158   Section        0  rtentry2.o(.ARM.Collect$$rtentry$$00000002)
    .ARM.Collect$$rtentry$$00000004          0x00000158   Section        6  rtentry4.o(.ARM.Collect$$rtentry$$00000004)
    .ARM.Collect$$rtentry$$00000009          0x0000015e   Section        0  rtentry2.o(.ARM.Collect$$rtentry$$00000009)
    .ARM.Collect$$rtentry$$0000000A          0x0000015e   Section        4  rtentry2.o(.ARM.Collect$$rtentry$$0000000A)
    .ARM.Collect$$rtentry$$0000000C          0x00000162   Section        0  rtentry2.o(.ARM.Collect$$rtentry$$0000000C)
    .ARM.Collect$$rtentry$$0000000D          0x00000162   Section        8  rtentry2.o(.ARM.Collect$$rtentry$$0000000D)
    .ARM.Collect$$rtexit$$00000000           0x0000016a   Section        2  rtexit.o(.ARM.Collect$$rtexit$$00000000)
    .ARM.Collect$$rtexit$$00000002           0x0000016c   Section        0  rtexit2.o(.ARM.Collect$$rtexit$$00000002)
    .ARM.Collect$$rtexit$$00000003           0x0000016c   Section        4  rtexit2.o(.ARM.Collect$$rtexit$$00000003)
    .ARM.Collect$$rtexit$$00000004           0x00000170   Section        6  rtexit2.o(.ARM.Collect$$rtexit$$00000004)
    .emb_text                                0x00000178   Section      340  hal_cm3.o(.emb_text)
    .text                                    0x000002cc   Section        8  libspace.o(.text)
    .text                                    0x000002d4   Section        2  use_no_semi.o(.text)
    .text                                    0x000002d8   Section        0  noretval__2printf.o(.text)
    .text                                    0x000002f0   Section        0  heapauxi.o(.text)
    SVC_TABLE                                0x000002f8   Section        4  SVC_Table.o(SVC_TABLE)
    .ARM.__at_0x02FC                         0x000002fc   Section        4  startup_lpc17xx.o(.ARM.__at_0x02FC)
    .text                                    0x00000300   Section       52  startup_lpc17xx.o(.text)
    .text                                    0x00000334   Section        0  rtx_conf_cm.o(.text)
    __tagsym$$used                           0x0000037f   Number         0  rtx_conf_cm.o(.text)
    __tagsym$$used                           0x00000399   Number         0  rtx_conf_cm.o(.text)
    .text                                    0x000003c8   Section        0  retarget.o(.text)
    .text                                    0x00000420   Section        0  system_lpc17xx.o(.text)
    .text                                    0x0000063c   Section        0  uart_polling.o(.text)
    .text                                    0x00000714   Section        0  lab3_main.o(.text)
    .text                                    0x00000f4c   Section        0  __printf.o(.text)
    .text                                    0x00000fb6   Section        0  _printf_str.o(.text)
    .text                                    0x00001008   Section        0  _printf_dec.o(.text)
    .text                                    0x00001080   Section        0  strcpy.o(.text)
    .text                                    0x000010c8   Section        0  _printf_intcommon.o(.text)
    .text                                    0x00001180   Section        0  _printf_char.o(.text)
    .text                                    0x000011ac   Section        0  _printf_char_file.o(.text)
    .text                                    0x000011d0   Section        0  _printf_char_common.o(.text)
    _printf_input_char                       0x000011d1   Thumb Code    10  _printf_char_common.o(.text)
    .text                                    0x00001200   Section       74  sys_stackheap_outer.o(.text)
    .text                                    0x0000124a   Section        0  exit.o(.text)
    i._init_box                              0x00001256   Section        0  rt_membox.o(i._init_box)
    i.dbg_init                               0x000012b0   Section        0  hal_cm3.o(i.dbg_init)
    i.dbg_task_notify                        0x000012e4   Section        0  hal_cm3.o(i.dbg_task_notify)
    i.dbg_task_switch                        0x00001314   Section        0  hal_cm3.o(i.dbg_task_switch)
    i.os_tick_init                           0x0000132c   Section        0  rt_system.o(i.os_tick_init)
    i.os_tick_irqack                         0x0000135c   Section        0  rt_system.o(i.os_tick_irqack)
    i.rt_alloc_box                           0x0000135e   Section        0  rt_membox.o(i.rt_alloc_box)
    i.rt_alloc_box_s                         0x0000137c   Section        0  rt_membox_ext.o(i.rt_alloc_box_s)
    i.rt_block                               0x000013d0   Section        0  rt_task.o(i.rt_block)
    i.rt_chk_robin                           0x00001408   Section        0  rt_robin.o(i.rt_chk_robin)
    i.rt_dec_dly                             0x00001460   Section        0  rt_list.o(i.rt_dec_dly)
    i.rt_dispatch                            0x000014f0   Section        0  rt_task.o(i.rt_dispatch)
    i.rt_dly_wait                            0x00001540   Section        0  rt_time.o(i.rt_dly_wait)
    i.rt_evt_psh                             0x00001550   Section        0  rt_event.o(i.rt_evt_psh)
    i.rt_free_box                            0x000015a8   Section        0  rt_membox.o(i.rt_free_box)
    i.rt_free_box_s                          0x000015cc   Section        0  rt_membox_ext.o(i.rt_free_box_s)
    i.rt_get_TID                             0x00001610   Section        0  rt_task.o(i.rt_get_TID)
    rt_get_TID                               0x00001611   Thumb Code    32  rt_task.o(i.rt_get_TID)
    i.rt_get_first                           0x00001638   Section        0  rt_list.o(i.rt_get_first)
    i.rt_init_context                        0x0000166c   Section        0  rt_task.o(i.rt_init_context)
    rt_init_context                          0x0000166d   Thumb Code    64  rt_task.o(i.rt_init_context)
    i.rt_init_robin                          0x000016b0   Section        0  rt_robin.o(i.rt_init_robin)
    i.rt_init_stack                          0x000016c8   Section        0  hal_cm3.o(i.rt_init_stack)
    i.rt_mbx_psh                             0x0000171c   Section        0  rt_mailbox.o(i.rt_mbx_psh)
    i.rt_mut_init                            0x000017ec   Section        0  rt_mutex.o(i.rt_mut_init)
    i.rt_mut_release                         0x00001800   Section        0  rt_mutex.o(i.rt_mut_release)
    i.rt_mut_wait                            0x000018d4   Section        0  rt_mutex.o(i.rt_mut_wait)
    i.rt_pop_req                             0x0000195c   Section        0  rt_system.o(i.rt_pop_req)
    i.rt_put_dly                             0x00001a00   Section        0  rt_list.o(i.rt_put_dly)
    i.rt_put_prio                            0x00001a5c   Section        0  rt_list.o(i.rt_put_prio)
    i.rt_put_rdy_first                       0x00001a9c   Section        0  rt_list.o(i.rt_put_rdy_first)
    i.rt_resort_prio                         0x00001ab0   Section        0  rt_list.o(i.rt_resort_prio)
    i.rt_rmv_dly                             0x00001ae4   Section        0  rt_list.o(i.rt_rmv_dly)
    i.rt_rmv_list                            0x00001b0c   Section        0  rt_list.o(i.rt_rmv_list)
    i.rt_sem_psh                             0x00001b40   Section        0  rt_semaphore.o(i.rt_sem_psh)
    i.rt_stk_check                           0x00001b74   Section        0  rt_system.o(i.rt_stk_check)
    i.rt_switch_req                          0x00001ba4   Section        0  rt_task.o(i.rt_switch_req)
    i.rt_sys_init                            0x00001bd4   Section        0  rt_task.o(i.rt_sys_init)
    i.rt_systick                             0x00001d5c   Section        0  rt_system.o(i.rt_systick)
    i.rt_tmr_tick                            0x00001da0   Section        0  rt_timer.o(i.rt_tmr_tick)
    i.rt_tsk_create                          0x00001dec   Section        0  rt_task.o(i.rt_tsk_create)
    i.rt_tsk_delete                          0x00001e68   Section        0  rt_task.o(i.rt_tsk_delete)
    i.rt_tsk_get                             0x00001f4c   Section        0  rt_task_ext.o(i.rt_tsk_get)
    i.rt_tsk_self                            0x00001ff4   Section        0  rt_task.o(i.rt_tsk_self)
    x$fpl$fdiv                               0x0000200c   Section      388  fdiv.o(x$fpl$fdiv)
    _fdiv1                                   0x0000200d   Thumb Code     0  fdiv.o(x$fpl$fdiv)
    x$fpl$ffixu                              0x00002190   Section       62  ffixu.o(x$fpl$ffixu)
    x$fpl$ffltu                              0x000021d0   Section       38  fflt_clz.o(x$fpl$ffltu)
    x$fpl$fmul                               0x000021f8   Section      258  fmul.o(x$fpl$fmul)
    x$fpl$fnaninf                            0x000022fa   Section      140  fnaninf.o(x$fpl$fnaninf)
    x$fpl$fretinf                            0x00002386   Section       10  fretinf.o(x$fpl$fretinf)
    .constdata                               0x00002390   Section       40  rtx_conf_cm.o(.constdata)
    x$fpl$usenofp                            0x00002390   Section        0  usenofp.o(x$fpl$usenofp)
    __tagsym$$used                           0x000023a4   Number         0  rtx_conf_cm.o(.constdata)
    __tagsym$$used                           0x000023a8   Number         0  rtx_conf_cm.o(.constdata)
    .data                                    0x10000000   Section        8  rtx_conf_cm.o(.data)
    nr_mutex                                 0x10000004   Data           4  rtx_conf_cm.o(.data)
    .data                                    0x10000008   Section        8  retarget.o(.data)
    .data                                    0x10000010   Section        4  system_lpc17xx.o(.data)
    .data                                    0x10000014   Section      232  lab3_main.o(.data)
    .data                                    0x100000fc   Section        8  rt_task.o(.data)
    .data                                    0x10000104   Section        4  rt_time.o(.data)
    .data                                    0x10000108   Section        1  hal_cm3.o(.data)
    .data                                    0x1000010c   Section        7  rt_system.o(.data)
    os_lock                                  0x10000110   Data           1  rt_system.o(.data)
    os_psh_flag                              0x10000111   Data           1  rt_system.o(.data)
    pend_flags                               0x10000112   Data           1  rt_system.o(.data)
    .data                                    0x10000114   Section        8  rt_robin.o(.data)
    .data                                    0x1000011c   Section        8  rt_timer.o(.data)
    .bss                                     0x10000128   Section     7372  rtx_conf_cm.o(.bss)
    std_libspace                             0x100019d4   Data         960  rtx_conf_cm.o(.bss)
    std_libmutex                             0x10001d94   Data          96  rtx_conf_cm.o(.bss)
    .bss                                     0x10001df4   Section       64  lab3_main.o(.bss)
    .bss                                     0x10001e34   Section       52  rt_task.o(.bss)
    .bss                                     0x10001e68   Section       24  rt_membox_ext.o(.bss)
    .bss                                     0x10001e80   Section       48  rt_list.o(.bss)
    .bss                                     0x10001eb0   Section       96  libspace.o(.bss)
    HEAP                                     0x10001f10   Section        0  startup_lpc17xx.o(HEAP)
    STACK                                    0x10001f10   Section      512  startup_lpc17xx.o(STACK)
    Heap_Mem                                 0x10001f10   Data           0  startup_lpc17xx.o(HEAP)
    Stack_Mem                                0x10001f10   Data         512  startup_lpc17xx.o(STACK)
    __initial_sp                             0x10002110   Data           0  startup_lpc17xx.o(STACK)

    Global Symbols

    Symbol Name                              Value     Ov Type        Size  Object(Section)

    BuildAttributes$$THM_ISAv4$P$D$K$B$S$PE$A:L22UL41UL21$X:L11$S22US41US21$IEEE1$IW$USESV6$~STKCKD$USESV7$~SHL$OSPACE$ROPI$EBA8$UX$STANDARDLIB$REQ8$PRES8$EABIv2 0x00000000   Number         0  anon$$obj.o ABSOLUTE
    __ARM_use_no_argv                        0x00000000   Number         0  lab3_main.o ABSOLUTE
    __Vectors                                0x00000000   Data           4  startup_lpc17xx.o(RESET)
    __ARM_exceptions_init                     - Undefined Weak Reference
    __alloca_initialize                       - Undefined Weak Reference
    __cpp_initialize__aeabi_                  - Undefined Weak Reference
    __cxa_finalize                            - Undefined Weak Reference
    __rt_locale                               - Undefined Weak Reference
    __sigvec_lookup                           - Undefined Weak Reference
    _atexit_init                              - Undefined Weak Reference
    _call_atexit_fns                          - Undefined Weak Reference
    _clock_init                               - Undefined Weak Reference
    _fp_trap_init                             - Undefined Weak Reference
    _fp_trap_shutdown                         - Undefined Weak Reference
    _get_lc_collate                           - Undefined Weak Reference
    _get_lc_ctype                             - Undefined Weak Reference
    _get_lc_monetary                          - Undefined Weak Reference
    _get_lc_numeric                           - Undefined Weak Reference
    _get_lc_time                              - Undefined Weak Reference
    _getenv_init                              - Undefined Weak Reference
    _handle_redirection                       - Undefined Weak Reference
    _init_alloc                               - Undefined Weak Reference
    _init_user_alloc                          - Undefined Weak Reference
    _initio                                   - Undefined Weak Reference
    _printf_mbtowc                            - Undefined Weak Reference
    _printf_post_padding                      - Undefined Weak Reference
    _printf_pre_padding                       - Undefined Weak Reference
    _printf_truncate_signed                   - Undefined Weak Reference
    _printf_truncate_unsigned                 - Undefined Weak Reference
    _rand_init                                - Undefined Weak Reference
    _signal_finish                            - Undefined Weak Reference
    _signal_init                              - Undefined Weak Reference
    _terminate_alloc                          - Undefined Weak Reference
    _terminate_user_alloc                     - Undefined Weak Reference
    _terminateio                              - Undefined Weak Reference
    __main                                   0x000000cd   Thumb Code     8  __main.o(!!!main)
    __scatterload                            0x000000d5   Thumb Code     0  __scatter.o(!!!scatter)
    __scatterload_rt2                        0x000000d5   Thumb Code    44  __scatter.o(!!!scatter)
    __scatterload_rt2_thumb_only             0x000000d5   Thumb Code     0  __scatter.o(!!!scatter)
    __scatterload_null                       0x000000e3   Thumb Code     0  __scatter.o(!!!scatter)
    __scatterload_copy                       0x00000109   Thumb Code    26  __scatter_copy.o(!!handler_copy)
    __scatterload_zeroinit                   0x00000125   Thumb Code    28  __scatter_zi.o(!!handler_zi)
    _printf_d                                0x00000141   Thumb Code     0  _printf_d.o(.ARM.Collect$$_printf_percent$$00000009)
    _printf_percent                          0x00000141   Thumb Code     0  _printf_percent.o(.ARM.Collect$$_printf_percent$$00000000)
    _printf_s                                0x00000147   Thumb Code     0  _printf_s.o(.ARM.Collect$$_printf_percent$$00000014)
    _printf_percent_end                      0x0000014d   Thumb Code     0  _printf_percent_end.o(.ARM.Collect$$_printf_percent$$00000017)
    __rt_lib_init                            0x00000151   Thumb Code     0  libinit.o(.ARM.Collect$$libinit$$00000000)
    __rt_lib_init_alloca_1                   0x00000153   Thumb Code     0  libinit2.o(.ARM.Collect$$libinit$$0000002C)
    __rt_lib_init_argv_1                     0x00000153   Thumb Code     0  libinit2.o(.ARM.Collect$$libinit$$0000002A)
    __rt_lib_init_atexit_1                   0x00000153   Thumb Code     0  libinit2.o(.ARM.Collect$$libinit$$00000019)
    __rt_lib_init_clock_1                    0x00000153   Thumb Code     0  libinit2.o(.ARM.Collect$$libinit$$0000001F)
    __rt_lib_init_cpp_1                      0x00000153   Thumb Code     0  libinit2.o(.ARM.Collect$$libinit$$00000030)
    __rt_lib_init_exceptions_1               0x00000153   Thumb Code     0  libinit2.o(.ARM.Collect$$libinit$$0000002E)
    __rt_lib_init_fp_1                       0x00000153   Thumb Code     0  libinit2.o(.ARM.Collect$$libinit$$00000002)
    __rt_lib_init_fp_trap_1                  0x00000153   Thumb Code     0  libinit2.o(.ARM.Collect$$libinit$$0000001D)
    __rt_lib_init_getenv_1                   0x00000153   Thumb Code     0  libinit2.o(.ARM.Collect$$libinit$$00000021)
    __rt_lib_init_heap_1                     0x00000153   Thumb Code     0  libinit2.o(.ARM.Collect$$libinit$$00000008)
    __rt_lib_init_lc_collate_1               0x00000153   Thumb Code     0  libinit2.o(.ARM.Collect$$libinit$$0000000F)
    __rt_lib_init_lc_ctype_1                 0x00000153   Thumb Code     0  libinit2.o(.ARM.Collect$$libinit$$00000011)
    __rt_lib_init_lc_monetary_1              0x00000153   Thumb Code     0  libinit2.o(.ARM.Collect$$libinit$$00000013)
    __rt_lib_init_lc_numeric_1               0x00000153   Thumb Code     0  libinit2.o(.ARM.Collect$$libinit$$00000015)
    __rt_lib_init_lc_time_1                  0x00000153   Thumb Code     0  libinit2.o(.ARM.Collect$$libinit$$00000017)
    __rt_lib_init_rand_1                     0x00000153   Thumb Code     0  libinit2.o(.ARM.Collect$$libinit$$0000000C)
    __rt_lib_init_return                     0x00000153   Thumb Code     0  libinit2.o(.ARM.Collect$$libinit$$00000031)
    __rt_lib_init_signal_1                   0x00000153   Thumb Code     0  libinit2.o(.ARM.Collect$$libinit$$0000001B)
    __rt_lib_init_stdio_1                    0x00000153   Thumb Code     0  libinit2.o(.ARM.Collect$$libinit$$00000023)
    __rt_lib_init_user_alloc_1               0x00000153   Thumb Code     0  libinit2.o(.ARM.Collect$$libinit$$0000000A)
    __rt_lib_shutdown                        0x00000155   Thumb Code     0  libshutdown.o(.ARM.Collect$$libshutdown$$00000000)
    __rt_lib_shutdown_fp_trap_1              0x00000157   Thumb Code     0  libshutdown2.o(.ARM.Collect$$libshutdown$$00000006)
    __rt_lib_shutdown_heap_1                 0x00000157   Thumb Code     0  libshutdown2.o(.ARM.Collect$$libshutdown$$0000000E)
    __rt_lib_shutdown_return                 0x00000157   Thumb Code     0  libshutdown2.o(.ARM.Collect$$libshutdown$$0000000F)
    __rt_lib_shutdown_signal_1               0x00000157   Thumb Code     0  libshutdown2.o(.ARM.Collect$$libshutdown$$00000009)
    __rt_lib_shutdown_stdio_1                0x00000157   Thumb Code     0  libshutdown2.o(.ARM.Collect$$libshutdown$$00000003)
    __rt_lib_shutdown_user_alloc_1           0x00000157   Thumb Code     0  libshutdown2.o(.ARM.Collect$$libshutdown$$0000000B)
    __rt_entry                               0x00000159   Thumb Code     0  rtentry.o(.ARM.Collect$$rtentry$$00000000)
    __rt_entry_presh_1                       0x00000159   Thumb Code     0  rtentry2.o(.ARM.Collect$$rtentry$$00000002)
    __rt_entry_sh                            0x00000159   Thumb Code     0  rtentry4.o(.ARM.Collect$$rtentry$$00000004)
    __rt_entry_li                            0x0000015f   Thumb Code     0  rtentry2.o(.ARM.Collect$$rtentry$$0000000A)
    __rt_entry_postsh_1                      0x0000015f   Thumb Code     0  rtentry2.o(.ARM.Collect$$rtentry$$00000009)
    __rt_entry_main                          0x00000163   Thumb Code     0  rtentry2.o(.ARM.Collect$$rtentry$$0000000D)
    __rt_entry_postli_1                      0x00000163   Thumb Code     0  rtentry2.o(.ARM.Collect$$rtentry$$0000000C)
    __rt_exit                                0x0000016b   Thumb Code     0  rtexit.o(.ARM.Collect$$rtexit$$00000000)
    __rt_exit_ls                             0x0000016d   Thumb Code     0  rtexit2.o(.ARM.Collect$$rtexit$$00000003)
    __rt_exit_prels_1                        0x0000016d   Thumb Code     0  rtexit2.o(.ARM.Collect$$rtexit$$00000002)
    __rt_exit_exit                           0x00000171   Thumb Code     0  rtexit2.o(.ARM.Collect$$rtexit$$00000004)
    rt_set_PSP                               0x00000179   Thumb Code     6  hal_cm3.o(.emb_text)
    rt_get_PSP                               0x0000017f   Thumb Code     6  hal_cm3.o(.emb_text)
    os_set_env                               0x00000185   Thumb Code    24  hal_cm3.o(.emb_text)
    _alloc_box                               0x000001a1   Thumb Code    28  hal_cm3.o(.emb_text)
    _free_box                                0x000001c1   Thumb Code    28  hal_cm3.o(.emb_text)
    SVC_Handler                              0x000001e1   Thumb Code   124  hal_cm3.o(.emb_text)
    PendSV_Handler                           0x00000269   Thumb Code    76  hal_cm3.o(.emb_text)
    SysTick_Handler                          0x000002b9   Thumb Code     8  hal_cm3.o(.emb_text)
    OS_Tick_Handler                          0x000002c1   Thumb Code    12  hal_cm3.o(.emb_text)
    __user_libspace                          0x000002cd   Thumb Code     8  libspace.o(.text)
    __user_perproc_libspace                  0x000002cd   Thumb Code     0  libspace.o(.text)
    __I$use$semihosting                      0x000002d5   Thumb Code     0  use_no_semi.o(.text)
    __use_no_semihosting_swi                 0x000002d5   Thumb Code     2  use_no_semi.o(.text)
    __2printf                                0x000002d9   Thumb Code    20  noretval__2printf.o(.text)
    __use_two_region_memory                  0x000002f1   Thumb Code     2  heapauxi.o(.text)
    __rt_heap_escrow$2region                 0x000002f3   Thumb Code     2  heapauxi.o(.text)
    __rt_heap_expand$2region                 0x000002f5   Thumb Code     2  heapauxi.o(.text)
    SVC_Count                                0x000002f8   Data           4  SVC_Table.o(SVC_TABLE)
    SVC_Table                                0x000002fc   Data           0  SVC_Table.o(SVC_TABLE)
    Reset_Handler                            0x00000301   Thumb Code     4  startup_lpc17xx.o(.text)
    NMI_Handler                              0x00000305   Thumb Code     2  startup_lpc17xx.o(.text)
    HardFault_Handler                        0x00000307   Thumb Code     2  startup_lpc17xx.o(.text)
    MemManage_Handler                        0x00000309   Thumb Code     2  startup_lpc17xx.o(.text)
    BusFault_Handler                         0x0000030b   Thumb Code     2  startup_lpc17xx.o(.text)
    UsageFault_Handler                       0x0000030d   Thumb Code     2  startup_lpc17xx.o(.text)
    DebugMon_Handler                         0x00000311   Thumb Code     2  startup_lpc17xx.o(.text)
    ADC_IRQHandler                           0x00000317   Thumb Code     0  startup_lpc17xx.o(.text)
    BOD_IRQHandler                           0x00000317   Thumb Code     0  startup_lpc17xx.o(.text)
    CANActivity_IRQHandler                   0x00000317   Thumb Code     0  startup_lpc17xx.o(.text)
    CAN_IRQHandler                           0x00000317   Thumb Code     0  startup_lpc17xx.o(.text)
    DMA_IRQHandler                           0x00000317   Thumb Code     0  startup_lpc17xx.o(.text)
    EINT0_IRQHandler                         0x00000317   Thumb Code     0  startup_lpc17xx.o(.text)
    EINT1_IRQHandler                         0x00000317   Thumb Code     0  startup_lpc17xx.o(.text)
    EINT2_IRQHandler                         0x00000317   Thumb Code     0  startup_lpc17xx.o(.text)
    EINT3_IRQHandler                         0x00000317   Thumb Code     0  startup_lpc17xx.o(.text)
    ENET_IRQHandler                          0x00000317   Thumb Code     0  startup_lpc17xx.o(.text)
    I2C0_IRQHandler                          0x00000317   Thumb Code     0  startup_lpc17xx.o(.text)
    I2C1_IRQHandler                          0x00000317   Thumb Code     0  startup_lpc17xx.o(.text)
    I2C2_IRQHandler                          0x00000317   Thumb Code     0  startup_lpc17xx.o(.text)
    I2S_IRQHandler                           0x00000317   Thumb Code     0  startup_lpc17xx.o(.text)
    MCPWM_IRQHandler                         0x00000317   Thumb Code     0  startup_lpc17xx.o(.text)
    PLL0_IRQHandler                          0x00000317   Thumb Code     0  startup_lpc17xx.o(.text)
    PLL1_IRQHandler                          0x00000317   Thumb Code     0  startup_lpc17xx.o(.text)
    PWM1_IRQHandler                          0x00000317   Thumb Code     0  startup_lpc17xx.o(.text)
    QEI_IRQHandler                           0x00000317   Thumb Code     0  startup_lpc17xx.o(.text)
    RIT_IRQHandler                           0x00000317   Thumb Code     0  startup_lpc17xx.o(.text)
    RTC_IRQHandler                           0x00000317   Thumb Code     0  startup_lpc17xx.o(.text)
    SPI_IRQHandler                           0x00000317   Thumb Code     0  startup_lpc17xx.o(.text)
    SSP0_IRQHandler                          0x00000317   Thumb Code     0  startup_lpc17xx.o(.text)
    SSP1_IRQHandler                          0x00000317   Thumb Code     0  startup_lpc17xx.o(.text)
    TIMER0_IRQHandler                        0x00000317   Thumb Code     0  startup_lpc17xx.o(.text)
    TIMER1_IRQHandler                        0x00000317   Thumb Code     0  startup_lpc17xx.o(.text)
    TIMER2_IRQHandler                        0x00000317   Thumb Code     0  startup_lpc17xx.o(.text)
    TIMER3_IRQHandler                        0x00000317   Thumb Code     0  startup_lpc17xx.o(.text)
    UART0_IRQHandler                         0x00000317   Thumb Code     0  startup_lpc17xx.o(.text)
    UART1_IRQHandler                         0x00000317   Thumb Code     0  startup_lpc17xx.o(.text)
    UART2_IRQHandler                         0x00000317   Thumb Code     0  startup_lpc17xx.o(.text)
    UART3_IRQHandler                         0x00000317   Thumb Code     0  startup_lpc17xx.o(.text)
    USBActivity_IRQHandler                   0x00000317   Thumb Code     0  startup_lpc17xx.o(.text)
    USB_IRQHandler                           0x00000317   Thumb Code     0  startup_lpc17xx.o(.text)
    WDT_IRQHandler                           0x00000317   Thumb Code     0  startup_lpc17xx.o(.text)
    __user_initial_stackheap                 0x00000319   Thumb Code     0  startup_lpc17xx.o(.text)
    os_idle_demon                            0x00000335   Thumb Code     4  rtx_conf_cm.o(.text)
    os_tmr_call                              0x00000339   Thumb Code     2  rtx_conf_cm.o(.text)
    os_error                                 0x0000033b   Thumb Code     4  rtx_conf_cm.o(.text)
    __user_perthread_libspace                0x0000033f   Thumb Code    26  rtx_conf_cm.o(.text)
    _mutex_initialize                        0x00000359   Thumb Code    38  rtx_conf_cm.o(.text)
    _mutex_acquire                           0x0000037f   Thumb Code    26  rtx_conf_cm.o(.text)
    _mutex_release                           0x00000399   Thumb Code    22  rtx_conf_cm.o(.text)
    sendchar                                 0x000003c9   Thumb Code    28  retarget.o(.text)
    getkey                                   0x000003e5   Thumb Code    10  retarget.o(.text)
    fputc                                    0x000003ef   Thumb Code    14  retarget.o(.text)
    fgetc                                    0x000003fd   Thumb Code    10  retarget.o(.text)
    ferror                                   0x00000407   Thumb Code     8  retarget.o(.text)
    _ttywrch                                 0x0000040f   Thumb Code    12  retarget.o(.text)
    _sys_exit                                0x0000041b   Thumb Code     4  retarget.o(.text)
    SystemInit                               0x00000421   Thumb Code   476  system_lpc17xx.o(.text)
    __RL_RTX_VER                             0x00000460   Number         0  rt_system.o ABSOLUTE
    uart_init                                0x0000063d   Thumb Code    94  uart_polling.o(.text)
    uart_get_char                            0x0000069b   Thumb Code    34  uart_polling.o(.text)
    uart_put_char                            0x000006bd   Thumb Code    38  uart_polling.o(.text)
    uart_put_string                          0x000006e3   Thumb Code    38  uart_polling.o(.text)
    task1                                    0x00000715   Thumb Code    40  lab3_main.o(.text)
    task2                                    0x0000073d   Thumb Code    40  lab3_main.o(.text)
    task3                                    0x00000765   Thumb Code    46  lab3_main.o(.text)
    task4                                    0x00000793   Thumb Code    46  lab3_main.o(.text)
    task5                                    0x000007c1   Thumb Code    40  lab3_main.o(.text)
    task6                                    0x000007e9   Thumb Code    40  lab3_main.o(.text)
    task7                                    0x00000811   Thumb Code    54  lab3_main.o(.text)
    state2str                                0x00000847   Thumb Code   152  lab3_main.o(.text)
    fp2name                                  0x000008df   Thumb Code    76  lab3_main.o(.text)
    task10                                   0x0000092b   Thumb Code   210  lab3_main.o(.text)
    init                                     0x000009fd   Thumb Code  1074  lab3_main.o(.text)
    main                                     0x00000e2f   Thumb Code    46  lab3_main.o(.text)
    __printf                                 0x00000f4d   Thumb Code   106  __printf.o(.text)
    _printf_str                              0x00000fb7   Thumb Code    82  _printf_str.o(.text)
    _printf_int_dec                          0x00001009   Thumb Code   102  _printf_dec.o(.text)
    strcpy                                   0x00001081   Thumb Code    72  strcpy.o(.text)
    _printf_int_common                       0x000010c9   Thumb Code   184  _printf_intcommon.o(.text)
    _printf_cs_common                        0x00001181   Thumb Code    20  _printf_char.o(.text)
    _printf_char                             0x00001195   Thumb Code    16  _printf_char.o(.text)
    _printf_string                           0x000011a5   Thumb Code     8  _printf_char.o(.text)
    _printf_char_file                        0x000011ad   Thumb Code    32  _printf_char_file.o(.text)
    _printf_char_common                      0x000011db   Thumb Code    32  _printf_char_common.o(.text)
    __user_setup_stackheap                   0x00001201   Thumb Code    74  sys_stackheap_outer.o(.text)
    exit                                     0x0000124b   Thumb Code    12  exit.o(.text)
    _init_box                                0x00001257   Thumb Code    88  rt_membox.o(i._init_box)
    dbg_init                                 0x000012b1   Thumb Code    40  hal_cm3.o(i.dbg_init)
    dbg_task_notify                          0x000012e5   Thumb Code    44  hal_cm3.o(i.dbg_task_notify)
    dbg_task_switch                          0x00001315   Thumb Code    18  hal_cm3.o(i.dbg_task_switch)
    os_tick_init                             0x0000132d   Thumb Code    38  rt_system.o(i.os_tick_init)
    os_tick_irqack                           0x0000135d   Thumb Code     2  rt_system.o(i.os_tick_irqack)
    rt_alloc_box                             0x0000135f   Thumb Code    30  rt_membox.o(i.rt_alloc_box)
    rt_alloc_box_s                           0x0000137d   Thumb Code    76  rt_membox_ext.o(i.rt_alloc_box_s)
    rt_block                                 0x000013d1   Thumb Code    48  rt_task.o(i.rt_block)
    rt_chk_robin                             0x00001409   Thumb Code    76  rt_robin.o(i.rt_chk_robin)
    rt_dec_dly                               0x00001461   Thumb Code   132  rt_list.o(i.rt_dec_dly)
    rt_dispatch                              0x000014f1   Thumb Code    72  rt_task.o(i.rt_dispatch)
    rt_dly_wait                              0x00001541   Thumb Code    14  rt_time.o(i.rt_dly_wait)
    rt_evt_psh                               0x00001551   Thumb Code    82  rt_event.o(i.rt_evt_psh)
    rt_free_box                              0x000015a9   Thumb Code    36  rt_membox.o(i.rt_free_box)
    rt_free_box_s                            0x000015cd   Thumb Code    62  rt_membox_ext.o(i.rt_free_box_s)
    rt_get_first                             0x00001639   Thumb Code    50  rt_list.o(i.rt_get_first)
    rt_init_robin                            0x000016b1   Thumb Code    14  rt_robin.o(i.rt_init_robin)
    rt_init_stack                            0x000016c9   Thumb Code    76  hal_cm3.o(i.rt_init_stack)
    rt_mbx_psh                               0x0000171d   Thumb Code   204  rt_mailbox.o(i.rt_mbx_psh)
    rt_mut_init                              0x000017ed   Thumb Code    18  rt_mutex.o(i.rt_mut_init)
    rt_mut_release                           0x00001801   Thumb Code   202  rt_mutex.o(i.rt_mut_release)
    rt_mut_wait                              0x000018d5   Thumb Code   132  rt_mutex.o(i.rt_mut_wait)
    rt_pop_req                               0x0000195d   Thumb Code   152  rt_system.o(i.rt_pop_req)
    rt_put_dly                               0x00001a01   Thumb Code    88  rt_list.o(i.rt_put_dly)
    rt_put_prio                              0x00001a5d   Thumb Code    64  rt_list.o(i.rt_put_prio)
    rt_put_rdy_first                         0x00001a9d   Thumb Code    16  rt_list.o(i.rt_put_rdy_first)
    rt_resort_prio                           0x00001ab1   Thumb Code    48  rt_list.o(i.rt_resort_prio)
    rt_rmv_dly                               0x00001ae5   Thumb Code    40  rt_list.o(i.rt_rmv_dly)
    rt_rmv_list                              0x00001b0d   Thumb Code    48  rt_list.o(i.rt_rmv_list)
    rt_sem_psh                               0x00001b41   Thumb Code    48  rt_semaphore.o(i.rt_sem_psh)
    rt_stk_check                             0x00001b75   Thumb Code    40  rt_system.o(i.rt_stk_check)
    rt_switch_req                            0x00001ba5   Thumb Code    38  rt_task.o(i.rt_switch_req)
    rt_sys_init                              0x00001bd5   Thumb Code   314  rt_task.o(i.rt_sys_init)
    rt_systick                               0x00001d5d   Thumb Code    56  rt_system.o(i.rt_systick)
    rt_tmr_tick                              0x00001da1   Thumb Code    66  rt_timer.o(i.rt_tmr_tick)
    rt_tsk_create                            0x00001ded   Thumb Code   106  rt_task.o(i.rt_tsk_create)
    rt_tsk_delete                            0x00001e69   Thumb Code   202  rt_task.o(i.rt_tsk_delete)
    rt_tsk_get                               0x00001f4d   Thumb Code   150  rt_task_ext.o(i.rt_tsk_get)
    rt_tsk_self                              0x00001ff5   Thumb Code    18  rt_task.o(i.rt_tsk_self)
    __aeabi_fdiv                             0x0000200d   Thumb Code     0  fdiv.o(x$fpl$fdiv)
    _fdiv                                    0x0000200d   Thumb Code   384  fdiv.o(x$fpl$fdiv)
    __aeabi_f2uiz                            0x00002191   Thumb Code     0  ffixu.o(x$fpl$ffixu)
    _ffixu                                   0x00002191   Thumb Code    62  ffixu.o(x$fpl$ffixu)
    __aeabi_ui2f                             0x000021d1   Thumb Code     0  fflt_clz.o(x$fpl$ffltu)
    _ffltu                                   0x000021d1   Thumb Code    38  fflt_clz.o(x$fpl$ffltu)
    __aeabi_fmul                             0x000021f9   Thumb Code     0  fmul.o(x$fpl$fmul)
    _fmul                                    0x000021f9   Thumb Code   258  fmul.o(x$fpl$fmul)
    __fpl_fnaninf                            0x000022fb   Thumb Code   140  fnaninf.o(x$fpl$fnaninf)
    __fpl_fretinf                            0x00002387   Thumb Code    10  fretinf.o(x$fpl$fretinf)
    __I$use$fp                               0x00002390   Number         0  usenofp.o(x$fpl$usenofp)
    os_maxtaskrun                            0x00002390   Data           2  rtx_conf_cm.o(.constdata)
    os_stackinfo                             0x00002394   Data           4  rtx_conf_cm.o(.constdata)
    os_rrobin                                0x00002398   Data           4  rtx_conf_cm.o(.constdata)
    os_trv                                   0x0000239c   Data           4  rtx_conf_cm.o(.constdata)
    os_flags                                 0x000023a0   Data           1  rtx_conf_cm.o(.constdata)
    os_clockrate                             0x000023a4   Data           4  rtx_conf_cm.o(.constdata)
    os_timernum                              0x000023a8   Data           4  rtx_conf_cm.o(.constdata)
    mp_tcb_size                              0x000023ac   Data           2  rtx_conf_cm.o(.constdata)
    mp_stk_size                              0x000023b0   Data           4  rtx_conf_cm.o(.constdata)
    os_fifo_size                             0x000023b4   Data           1  rtx_conf_cm.o(.constdata)
    mp_tmr_size                              0x000023b6   Data           2  rtx_conf_cm.o(.constdata)
    Region$$Table$$Base                      0x000023b8   Number         0  anon$$obj.o(Region$$Table)
    Region$$Table$$Limit                     0x000023d8   Number         0  anon$$obj.o(Region$$Table)
    m_tmr                                    0x10000000   Data           4  rtx_conf_cm.o(.data)
    __stdout                                 0x10000008   Data           4  retarget.o(.data)
    __stdin                                  0x1000000c   Data           4  retarget.o(.data)
    SystemFrequency                          0x10000010   Data           4  system_lpc17xx.o(.data)
    g_tid                                    0x10000014   Data           4  lab3_main.o(.data)
    g_counter                                0x10000018   Data           4  lab3_main.o(.data)
    p_counter                                0x1000001c   Data           4  lab3_main.o(.data)
    num_tasks                                0x10000020   Data           4  lab3_main.o(.data)
    temp1                                    0x10000024   Data           4  lab3_main.o(.data)
    temp2                                    0x10000028   Data           4  lab3_main.o(.data)
    temp3                                    0x1000002c   Data           4  lab3_main.o(.data)
    temp4                                    0x10000030   Data           4  lab3_main.o(.data)
    g_task_map                               0x10000034   Data         200  lab3_main.o(.data)
    os_tsk                                   0x100000fc   Data           8  rt_task.o(.data)
    os_time                                  0x10000104   Data           4  rt_time.o(.data)
    dbg_msg                                  0x10000108   Data           1  hal_cm3.o(.data)
    os_tick_irqn                             0x1000010c   Data           4  rt_system.o(.data)
    os_robin                                 0x10000114   Data           8  rt_robin.o(.data)
    os_tmr                                   0x1000011c   Data           8  rt_timer.o(.data)
    mp_tcb                                   0x10000128   Data         492  rtx_conf_cm.o(.bss)
    mp_stk                                   0x10000318   Data        5648  rtx_conf_cm.o(.bss)
    os_fifo                                  0x10001928   Data         132  rtx_conf_cm.o(.bss)
    os_active_TCB                            0x100019ac   Data          40  rtx_conf_cm.o(.bss)
    mympool                                  0x10001df4   Data          20  lab3_main.o(.bss)
    g_mut_uart                               0x10001e08   Data          12  lab3_main.o(.bss)
    g_str                                    0x10001e14   Data          16  lab3_main.o(.bss)
    g_tsk_name                               0x10001e24   Data          16  lab3_main.o(.bss)
    os_idle_TCB                              0x10001e34   Data          52  rt_task.o(.bss)
    os_blocked                               0x10001e68   Data          24  rt_membox_ext.o(.bss)
    os_rdy                                   0x10001e80   Data          24  rt_list.o(.bss)
    os_dly                                   0x10001e98   Data          24  rt_list.o(.bss)
    __libspace_start                         0x10001eb0   Data          96  libspace.o(.bss)
    __temporary_stack_top$libspace           0x10001f10   Data           0  libspace.o(.bss)



==============================================================================

Memory Map of the image

  Image Entry point : 0x000000cd

  Load Region LR_IROM1 (Base: 0x00000000, Size: 0x000024fc, Max: 0x00080000, ABSOLUTE)

    Execution Region ER_IROM1 (Base: 0x00000000, Size: 0x000023d8, Max: 0x00080000, ABSOLUTE)

    Base Addr    Size         Type   Attr      Idx    E Section Name        Object

    0x00000000   0x000000cc   Data   RO            3    RESET               startup_lpc17xx.o
    0x000000cc   0x00000008   Code   RO          835  * !!!main             c_w.l(__main.o)
    0x000000d4   0x00000034   Code   RO         1012    !!!scatter          c_w.l(__scatter.o)
    0x00000108   0x0000001a   Code   RO         1014    !!handler_copy      c_w.l(__scatter_copy.o)
    0x00000122   0x00000002   PAD
    0x00000124   0x0000001c   Code   RO         1016    !!handler_zi        c_w.l(__scatter_zi.o)
    0x00000140   0x00000000   Code   RO          830    .ARM.Collect$$_printf_percent$$00000000  c_w.l(_printf_percent.o)
    0x00000140   0x00000006   Code   RO          829    .ARM.Collect$$_printf_percent$$00000009  c_w.l(_printf_d.o)
    0x00000146   0x00000006   Code   RO          828    .ARM.Collect$$_printf_percent$$00000014  c_w.l(_printf_s.o)
    0x0000014c   0x00000004   Code   RO          860    .ARM.Collect$$_printf_percent$$00000017  c_w.l(_printf_percent_end.o)
    0x00000150   0x00000002   Code   RO          894    .ARM.Collect$$libinit$$00000000  c_w.l(libinit.o)
    0x00000152   0x00000000   Code   RO          898    .ARM.Collect$$libinit$$00000002  c_w.l(libinit2.o)
    0x00000152   0x00000000   Code   RO          901    .ARM.Collect$$libinit$$00000008  c_w.l(libinit2.o)
    0x00000152   0x00000000   Code   RO          903    .ARM.Collect$$libinit$$0000000A  c_w.l(libinit2.o)
    0x00000152   0x00000000   Code   RO          905    .ARM.Collect$$libinit$$0000000C  c_w.l(libinit2.o)
    0x00000152   0x00000000   Code   RO          908    .ARM.Collect$$libinit$$0000000F  c_w.l(libinit2.o)
    0x00000152   0x00000000   Code   RO          910    .ARM.Collect$$libinit$$00000011  c_w.l(libinit2.o)
    0x00000152   0x00000000   Code   RO          912    .ARM.Collect$$libinit$$00000013  c_w.l(libinit2.o)
    0x00000152   0x00000000   Code   RO          914    .ARM.Collect$$libinit$$00000015  c_w.l(libinit2.o)
    0x00000152   0x00000000   Code   RO          916    .ARM.Collect$$libinit$$00000017  c_w.l(libinit2.o)
    0x00000152   0x00000000   Code   RO          918    .ARM.Collect$$libinit$$00000019  c_w.l(libinit2.o)
    0x00000152   0x00000000   Code   RO          920    .ARM.Collect$$libinit$$0000001B  c_w.l(libinit2.o)
    0x00000152   0x00000000   Code   RO          922    .ARM.Collect$$libinit$$0000001D  c_w.l(libinit2.o)
    0x00000152   0x00000000   Code   RO          924    .ARM.Collect$$libinit$$0000001F  c_w.l(libinit2.o)
    0x00000152   0x00000000   Code   RO          926    .ARM.Collect$$libinit$$00000021  c_w.l(libinit2.o)
    0x00000152   0x00000000   Code   RO          928    .ARM.Collect$$libinit$$00000023  c_w.l(libinit2.o)
    0x00000152   0x00000000   Code   RO          932    .ARM.Collect$$libinit$$0000002A  c_w.l(libinit2.o)
    0x00000152   0x00000000   Code   RO          934    .ARM.Collect$$libinit$$0000002C  c_w.l(libinit2.o)
    0x00000152   0x00000000   Code   RO          936    .ARM.Collect$$libinit$$0000002E  c_w.l(libinit2.o)
    0x00000152   0x00000000   Code   RO          938    .ARM.Collect$$libinit$$00000030  c_w.l(libinit2.o)
    0x00000152   0x00000002   Code   RO          939    .ARM.Collect$$libinit$$00000031  c_w.l(libinit2.o)
    0x00000154   0x00000002   Code   RO          957    .ARM.Collect$$libshutdown$$00000000  c_w.l(libshutdown.o)
    0x00000156   0x00000000   Code   RO          968    .ARM.Collect$$libshutdown$$00000003  c_w.l(libshutdown2.o)
    0x00000156   0x00000000   Code   RO          971    .ARM.Collect$$libshutdown$$00000006  c_w.l(libshutdown2.o)
    0x00000156   0x00000000   Code   RO          974    .ARM.Collect$$libshutdown$$00000009  c_w.l(libshutdown2.o)
    0x00000156   0x00000000   Code   RO          976    .ARM.Collect$$libshutdown$$0000000B  c_w.l(libshutdown2.o)
    0x00000156   0x00000000   Code   RO          979    .ARM.Collect$$libshutdown$$0000000E  c_w.l(libshutdown2.o)
    0x00000156   0x00000002   Code   RO          980    .ARM.Collect$$libshutdown$$0000000F  c_w.l(libshutdown2.o)
    0x00000158   0x00000000   Code   RO          853    .ARM.Collect$$rtentry$$00000000  c_w.l(rtentry.o)
    0x00000158   0x00000000   Code   RO          867    .ARM.Collect$$rtentry$$00000002  c_w.l(rtentry2.o)
    0x00000158   0x00000006   Code   RO          879    .ARM.Collect$$rtentry$$00000004  c_w.l(rtentry4.o)
    0x0000015e   0x00000000   Code   RO          869    .ARM.Collect$$rtentry$$00000009  c_w.l(rtentry2.o)
    0x0000015e   0x00000004   Code   RO          870    .ARM.Collect$$rtentry$$0000000A  c_w.l(rtentry2.o)
    0x00000162   0x00000000   Code   RO          872    .ARM.Collect$$rtentry$$0000000C  c_w.l(rtentry2.o)
    0x00000162   0x00000008   Code   RO          873    .ARM.Collect$$rtentry$$0000000D  c_w.l(rtentry2.o)
    0x0000016a   0x00000002   Code   RO          895    .ARM.Collect$$rtexit$$00000000  c_w.l(rtexit.o)
    0x0000016c   0x00000000   Code   RO          941    .ARM.Collect$$rtexit$$00000002  c_w.l(rtexit2.o)
    0x0000016c   0x00000004   Code   RO          942    .ARM.Collect$$rtexit$$00000003  c_w.l(rtexit2.o)
    0x00000170   0x00000006   Code   RO          943    .ARM.Collect$$rtexit$$00000004  c_w.l(rtexit2.o)
    0x00000176   0x00000002   PAD
    0x00000178   0x00000154   Code   RO          410    .emb_text           RTX_CM3.lib(hal_cm3.o)
    0x000002cc   0x00000008   Code   RO          793    .text               c_w.l(libspace.o)
    0x000002d4   0x00000002   Code   RO          796    .text               c_w.l(use_no_semi.o)
    0x000002d6   0x00000002   PAD
    0x000002d8   0x00000018   Code   RO          800    .text               c_w.l(noretval__2printf.o)
    0x000002f0   0x00000006   Code   RO          833    .text               c_w.l(heapauxi.o)
    0x000002f6   0x00000002   PAD
    0x000002f8   0x00000004   Code   RO          635    SVC_TABLE           RTX_CM3.lib(SVC_Table.o)
    0x000002fc   0x00000004   Code   RO            4    .ARM.__at_0x02FC    startup_lpc17xx.o
    0x00000300   0x00000034   Code   RO            5    .text               startup_lpc17xx.o
    0x00000334   0x00000094   Code   RO           13    .text               rtx_conf_cm.o
    0x000003c8   0x00000056   Code   RO           38    .text               retarget.o
    0x0000041e   0x00000002   PAD
    0x00000420   0x0000021c   Code   RO           68    .text               system_lpc17xx.o
    0x0000063c   0x000000d8   Code   RO          108    .text               uart_polling.o
    0x00000714   0x00000838   Code   RO          128    .text               lab3_main.o
    0x00000f4c   0x0000006a   Code   RO          802    .text               c_w.l(__printf.o)
    0x00000fb6   0x00000052   Code   RO          804    .text               c_w.l(_printf_str.o)
    0x00001008   0x00000078   Code   RO          806    .text               c_w.l(_printf_dec.o)
    0x00001080   0x00000048   Code   RO          831    .text               c_w.l(strcpy.o)
    0x000010c8   0x000000b8   Code   RO          854    .text               c_w.l(_printf_intcommon.o)
    0x00001180   0x0000002c   Code   RO          856    .text               c_w.l(_printf_char.o)
    0x000011ac   0x00000024   Code   RO          858    .text               c_w.l(_printf_char_file.o)
    0x000011d0   0x00000030   Code   RO          881    .text               c_w.l(_printf_char_common.o)
    0x00001200   0x0000004a   Code   RO          883    .text               c_w.l(sys_stackheap_outer.o)
    0x0000124a   0x0000000c   Code   RO          887    .text               c_w.l(exit.o)
    0x00001256   0x00000058   Code   RO          329    i._init_box         RTX_CM3.lib(rt_membox.o)
    0x000012ae   0x00000002   PAD
    0x000012b0   0x00000034   Code   RO          411    i.dbg_init          RTX_CM3.lib(hal_cm3.o)
    0x000012e4   0x00000030   Code   RO          412    i.dbg_task_notify   RTX_CM3.lib(hal_cm3.o)
    0x00001314   0x00000018   Code   RO          413    i.dbg_task_switch   RTX_CM3.lib(hal_cm3.o)
    0x0000132c   0x00000030   Code   RO          452    i.os_tick_init      RTX_CM3.lib(rt_system.o)
    0x0000135c   0x00000002   Code   RO          453    i.os_tick_irqack    RTX_CM3.lib(rt_system.o)
    0x0000135e   0x0000001e   Code   RO          330    i.rt_alloc_box      RTX_CM3.lib(rt_membox.o)
    0x0000137c   0x00000054   Code   RO          383    i.rt_alloc_box_s    RTX_CM3.lib(rt_membox_ext.o)
    0x000013d0   0x00000038   Code   RO          163    i.rt_block          RTX_CM3.lib(rt_task.o)
    0x00001408   0x00000058   Code   RO          614    i.rt_chk_robin      RTX_CM3.lib(rt_robin.o)
    0x00001460   0x00000090   Code   RO          535    i.rt_dec_dly        RTX_CM3.lib(rt_list.o)
    0x000014f0   0x00000050   Code   RO          164    i.rt_dispatch       RTX_CM3.lib(rt_task.o)
    0x00001540   0x0000000e   Code   RO          267    i.rt_dly_wait       RTX_CM3.lib(rt_time.o)
    0x0000154e   0x00000002   PAD
    0x00001550   0x00000058   Code   RO          641    i.rt_evt_psh        RTX_CM3.lib(rt_event.o)
    0x000015a8   0x00000024   Code   RO          331    i.rt_free_box       RTX_CM3.lib(rt_membox.o)
    0x000015cc   0x00000044   Code   RO          384    i.rt_free_box_s     RTX_CM3.lib(rt_membox_ext.o)
    0x00001610   0x00000028   Code   RO          165    i.rt_get_TID        RTX_CM3.lib(rt_task.o)
    0x00001638   0x00000032   Code   RO          536    i.rt_get_first      RTX_CM3.lib(rt_list.o)
    0x0000166a   0x00000002   PAD
    0x0000166c   0x00000044   Code   RO          166    i.rt_init_context   RTX_CM3.lib(rt_task.o)
    0x000016b0   0x00000018   Code   RO          615    i.rt_init_robin     RTX_CM3.lib(rt_robin.o)
    0x000016c8   0x00000054   Code   RO          414    i.rt_init_stack     RTX_CM3.lib(hal_cm3.o)
    0x0000171c   0x000000d0   Code   RO          684    i.rt_mbx_psh        RTX_CM3.lib(rt_mailbox.o)
    0x000017ec   0x00000012   Code   RO          304    i.rt_mut_init       RTX_CM3.lib(rt_mutex.o)
    0x000017fe   0x00000002   PAD
    0x00001800   0x000000d4   Code   RO          305    i.rt_mut_release    RTX_CM3.lib(rt_mutex.o)
    0x000018d4   0x00000088   Code   RO          306    i.rt_mut_wait       RTX_CM3.lib(rt_mutex.o)
    0x0000195c   0x000000a4   Code   RO          454    i.rt_pop_req        RTX_CM3.lib(rt_system.o)
    0x00001a00   0x0000005c   Code   RO          539    i.rt_put_dly        RTX_CM3.lib(rt_list.o)
    0x00001a5c   0x00000040   Code   RO          540    i.rt_put_prio       RTX_CM3.lib(rt_list.o)
    0x00001a9c   0x00000014   Code   RO          541    i.rt_put_rdy_first  RTX_CM3.lib(rt_list.o)
    0x00001ab0   0x00000034   Code   RO          542    i.rt_resort_prio    RTX_CM3.lib(rt_list.o)
    0x00001ae4   0x00000028   Code   RO          543    i.rt_rmv_dly        RTX_CM3.lib(rt_list.o)
    0x00001b0c   0x00000034   Code   RO          544    i.rt_rmv_list       RTX_CM3.lib(rt_list.o)
    0x00001b40   0x00000034   Code   RO          730    i.rt_sem_psh        RTX_CM3.lib(rt_semaphore.o)
    0x00001b74   0x00000030   Code   RO          457    i.rt_stk_check      RTX_CM3.lib(rt_system.o)
    0x00001ba4   0x00000030   Code   RO          167    i.rt_switch_req     RTX_CM3.lib(rt_task.o)
    0x00001bd4   0x00000188   Code   RO          168    i.rt_sys_init       RTX_CM3.lib(rt_task.o)
    0x00001d5c   0x00000044   Code   RO          459    i.rt_systick        RTX_CM3.lib(rt_system.o)
    0x00001da0   0x0000004c   Code   RO          766    i.rt_tmr_tick       RTX_CM3.lib(rt_timer.o)
    0x00001dec   0x0000007c   Code   RO          169    i.rt_tsk_create     RTX_CM3.lib(rt_task.o)
    0x00001e68   0x000000e4   Code   RO          170    i.rt_tsk_delete     RTX_CM3.lib(rt_task.o)
    0x00001f4c   0x000000a8   Code   RO          363    i.rt_tsk_get        RTX_CM3.lib(rt_task_ext.o)
    0x00001ff4   0x00000018   Code   RO          173    i.rt_tsk_self       RTX_CM3.lib(rt_task.o)
    0x0000200c   0x00000184   Code   RO          838    x$fpl$fdiv          fz_ws.l(fdiv.o)
    0x00002190   0x0000003e   Code   RO          841    x$fpl$ffixu         fz_ws.l(ffixu.o)
    0x000021ce   0x00000002   PAD
    0x000021d0   0x00000026   Code   RO          845    x$fpl$ffltu         fz_ws.l(fflt_clz.o)
    0x000021f6   0x00000002   PAD
    0x000021f8   0x00000102   Code   RO          851    x$fpl$fmul          fz_ws.l(fmul.o)
    0x000022fa   0x0000008c   Code   RO          861    x$fpl$fnaninf       fz_ws.l(fnaninf.o)
    0x00002386   0x0000000a   Code   RO          863    x$fpl$fretinf       fz_ws.l(fretinf.o)
    0x00002390   0x00000000   Code   RO          865    x$fpl$usenofp       fz_ws.l(usenofp.o)
    0x00002390   0x00000028   Data   RO           15    .constdata          rtx_conf_cm.o
    0x000023b8   0x00000020   Data   RO         1010    Region$$Table       anon$$obj.o


    Execution Region RW_IRAM1 (Base: 0x10000000, Size: 0x00002110, Max: 0x00008000, ABSOLUTE)

    Base Addr    Size         Type   Attr      Idx    E Section Name        Object

    0x10000000   0x00000008   Data   RW           16    .data               rtx_conf_cm.o
    0x10000008   0x00000008   Data   RW           39    .data               retarget.o
    0x10000010   0x00000004   Data   RW           69    .data               system_lpc17xx.o
    0x10000014   0x000000e8   Data   RW          130    .data               lab3_main.o
    0x100000fc   0x00000008   Data   RW          175    .data               RTX_CM3.lib(rt_task.o)
    0x10000104   0x00000004   Data   RW          271    .data               RTX_CM3.lib(rt_time.o)
    0x10000108   0x00000001   Data   RW          415    .data               RTX_CM3.lib(hal_cm3.o)
    0x10000109   0x00000003   PAD
    0x1000010c   0x00000007   Data   RW          462    .data               RTX_CM3.lib(rt_system.o)
    0x10000113   0x00000001   PAD
    0x10000114   0x00000008   Data   RW          616    .data               RTX_CM3.lib(rt_robin.o)
    0x1000011c   0x00000008   Data   RW          767    .data               RTX_CM3.lib(rt_timer.o)
    0x10000124   0x00000004   PAD
    0x10000128   0x00001ccc   Zero   RW           14    .bss                rtx_conf_cm.o
    0x10001df4   0x00000040   Zero   RW          129    .bss                lab3_main.o
    0x10001e34   0x00000034   Zero   RW          174    .bss                RTX_CM3.lib(rt_task.o)
    0x10001e68   0x00000018   Zero   RW          385    .bss                RTX_CM3.lib(rt_membox_ext.o)
    0x10001e80   0x00000030   Zero   RW          545    .bss                RTX_CM3.lib(rt_list.o)
    0x10001eb0   0x00000060   Zero   RW          794    .bss                c_w.l(libspace.o)
    0x10001f10   0x00000000   Zero   RW            2    HEAP                startup_lpc17xx.o
    0x10001f10   0x00000200   Zero   RW            1    STACK               startup_lpc17xx.o


==============================================================================

Image component sizes


      Code (inc. data)   RO Data    RW Data    ZI Data      Debug   Object Name

      2104       1002          0        232         64      11500   lab3_main.o
        86          0          0          8          0       5774   retarget.o
       148         26         40          8       7372      10997   rtx_conf_cm.o
        56         22        204          0        512        868   startup_lpc17xx.o
       540         64          0          4          0      17303   system_lpc17xx.o
       216         12          0          0          0       1648   uart_polling.o

    ----------------------------------------------------------------------
      3152       1126        276        252       7948      48090   Object Totals
         0          0         32          0          0          0   (incl. Generated)
         2          0          0          0          0          0   (incl. Padding)

    ----------------------------------------------------------------------

      Code (inc. data)   RO Data    RW Data    ZI Data      Debug   Library Member Name

         4          4          0          0          0        132   SVC_Table.o
       548         66          0          1          0       2589   hal_cm3.o
        88          6          0          0          0        541   rt_event.o
       514         28          0          0         48       4158   rt_list.o
       208          4          0          0          0        601   rt_mailbox.o
       154          0          0          0          0       1685   rt_membox.o
       152         14          0          0         24       1706   rt_membox_ext.o
       366         14          0          0          0       1661   rt_mutex.o
       112         22          0          8          0        918   rt_robin.o
        52          4          0          0          0        469   rt_semaphore.o
       330         42          0          7          0       2910   rt_system.o
      1060        166          0          8         52       6904   rt_task.o
       168         18          0          0          0       1545   rt_task_ext.o
        14          0          0          4          0        548   rt_time.o
        76         10          0          8          0        587   rt_timer.o
         8          0          0          0          0         68   __main.o
       106          0          0          0          0         84   __printf.o
        52          8          0          0          0          0   __scatter.o
        26          0          0          0          0          0   __scatter_copy.o
        28          0          0          0          0          0   __scatter_zi.o
        44          0          0          0          0        108   _printf_char.o
        48          6          0          0          0         96   _printf_char_common.o
        36          4          0          0          0         80   _printf_char_file.o
         6          0          0          0          0          0   _printf_d.o
       120         18          0          0          0         92   _printf_dec.o
       184          0          0          0          0         88   _printf_intcommon.o
         0          0          0          0          0          0   _printf_percent.o
         4          0          0          0          0          0   _printf_percent_end.o
         6          0          0          0          0          0   _printf_s.o
        82          0          0          0          0         80   _printf_str.o
        12          0          0          0          0         72   exit.o
         6          0          0          0          0        152   heapauxi.o
         2          0          0          0          0          0   libinit.o
         2          0          0          0          0          0   libinit2.o
         2          0          0          0          0          0   libshutdown.o
         2          0          0          0          0          0   libshutdown2.o
         8          4          0          0         96         68   libspace.o
        24          4          0          0          0         84   noretval__2printf.o
         0          0          0          0          0          0   rtentry.o
        12          0          0          0          0          0   rtentry2.o
         6          0          0          0          0          0   rtentry4.o
         2          0          0          0          0          0   rtexit.o
        10          0          0          0          0          0   rtexit2.o
        72          0          0          0          0         80   strcpy.o
        74          0          0          0          0         80   sys_stackheap_outer.o
         2          0          0          0          0         68   use_no_semi.o
       388         76          0          0          0         96   fdiv.o
        62          4          0          0          0         84   ffixu.o
        38          0          0          0          0         68   fflt_clz.o
       258          4          0          0          0         84   fmul.o
       140          4          0          0          0         84   fnaninf.o
        10          0          0          0          0         68   fretinf.o
         0          0          0          0          0          0   usenofp.o

    ----------------------------------------------------------------------
      5748        530          0         40        224      28738   Library Totals
        20          0          0          4          4          0   (incl. Padding)

    ----------------------------------------------------------------------

      Code (inc. data)   RO Data    RW Data    ZI Data      Debug   Library Name

      3846        398          0         36        124      26954   RTX_CM3.lib
       986         44          0          0         96       1300   c_w.l
       896         88          0          0          0        484   fz_ws.l

    ----------------------------------------------------------------------
      5748        530          0         40        224      28738   Library Totals

    ----------------------------------------------------------------------

==============================================================================


      Code (inc. data)   RO Data    RW Data    ZI Data      Debug   

      8900       1656        276        292       8172      73240   Grand Totals
      8900       1656        276        292       8172      73240   ELF Image Totals
      8900       1656        276        292          0          0   ROM Totals

==============================================================================

    Total RO  Size (Code + RO Data)                 9176 (   8.96kB)
    Total RW  Size (RW Data + ZI Data)              8464 (   8.27kB)
    Total ROM Size (Code + RO Data + RW Data)       9468 (   9.25kB)

==============================================================================

